Archive member included to satisfy reference by file (symbol)

c:/program files (x86)/atollic/truestudio for stm32 9.3.0/armtools/bin/../lib/gcc/arm-atollic-eabi/6.3.1/../../../../arm-atollic-eabi/lib/armv7e-m/fpu\libc_nano.a(lib_a-errno.o)
                              Src\syscalls.o (__errno)
c:/program files (x86)/atollic/truestudio for stm32 9.3.0/armtools/bin/../lib/gcc/arm-atollic-eabi/6.3.1/../../../../arm-atollic-eabi/lib/armv7e-m/fpu\libc_nano.a(lib_a-impure.o)
                              c:/program files (x86)/atollic/truestudio for stm32 9.3.0/armtools/bin/../lib/gcc/arm-atollic-eabi/6.3.1/../../../../arm-atollic-eabi/lib/armv7e-m/fpu\libc_nano.a(lib_a-errno.o) (_impure_ptr)
c:/program files (x86)/atollic/truestudio for stm32 9.3.0/armtools/bin/../lib/gcc/arm-atollic-eabi/6.3.1/../../../../arm-atollic-eabi/lib/armv7e-m/fpu\libc_nano.a(lib_a-init.o)
                              startup\startup_stm32f407xx.o (__libc_init_array)
c:/program files (x86)/atollic/truestudio for stm32 9.3.0/armtools/bin/../lib/gcc/arm-atollic-eabi/6.3.1/../../../../arm-atollic-eabi/lib/armv7e-m/fpu\libc_nano.a(lib_a-memcpy-stub.o)
                              Middlewares\Third_Party\FreeRTOS\Source\queue.o (memcpy)
c:/program files (x86)/atollic/truestudio for stm32 9.3.0/armtools/bin/../lib/gcc/arm-atollic-eabi/6.3.1/../../../../arm-atollic-eabi/lib/armv7e-m/fpu\libc_nano.a(lib_a-memset.o)
                              Middlewares\Third_Party\FreeRTOS\Source\stream_buffer.o (memset)
c:/program files (x86)/atollic/truestudio for stm32 9.3.0/armtools/bin/../lib/gcc/arm-atollic-eabi/6.3.1/armv7e-m/fpu\libgcc.a(_aeabi_uldivmod.o)
                              Drivers\STM32F4xx_HAL_Driver\Src\stm32f4xx_hal_rcc.o (__aeabi_uldivmod)
c:/program files (x86)/atollic/truestudio for stm32 9.3.0/armtools/bin/../lib/gcc/arm-atollic-eabi/6.3.1/armv7e-m/fpu\libgcc.a(_udivmoddi4.o)
                              c:/program files (x86)/atollic/truestudio for stm32 9.3.0/armtools/bin/../lib/gcc/arm-atollic-eabi/6.3.1/armv7e-m/fpu\libgcc.a(_aeabi_uldivmod.o) (__udivmoddi4)
c:/program files (x86)/atollic/truestudio for stm32 9.3.0/armtools/bin/../lib/gcc/arm-atollic-eabi/6.3.1/armv7e-m/fpu\libgcc.a(_dvmd_tls.o)
                              c:/program files (x86)/atollic/truestudio for stm32 9.3.0/armtools/bin/../lib/gcc/arm-atollic-eabi/6.3.1/armv7e-m/fpu\libgcc.a(_aeabi_uldivmod.o) (__aeabi_ldiv0)

Allocating common symbols
Common symbol       size              file

uwTick              0x4               Drivers\STM32F4xx_HAL_Driver\Src\stm32f4xx_hal.o
xQueueRegistry      0x40              Middlewares\Third_Party\FreeRTOS\Source\queue.o
pFlash              0x20              Drivers\STM32F4xx_HAL_Driver\Src\stm32f4xx_hal_flash.o
Task1_LEDHandle     0x4               Src\freertos.o
htim1               0x40              Src\stm32f4xx_hal_timebase_tim.o
Task2_AD5412Handle  0x4               Src\freertos.o
hspi1               0x58              Src\spi.o

Discarded input sections

 .text          0x00000000        0x0 c:/program files (x86)/atollic/truestudio for stm32 9.3.0/armtools/bin/../lib/gcc/arm-atollic-eabi/6.3.1/armv7e-m/fpu/crti.o
 .data          0x00000000        0x0 c:/program files (x86)/atollic/truestudio for stm32 9.3.0/armtools/bin/../lib/gcc/arm-atollic-eabi/6.3.1/armv7e-m/fpu/crti.o
 .bss           0x00000000        0x0 c:/program files (x86)/atollic/truestudio for stm32 9.3.0/armtools/bin/../lib/gcc/arm-atollic-eabi/6.3.1/armv7e-m/fpu/crti.o
 .data          0x00000000        0x4 c:/program files (x86)/atollic/truestudio for stm32 9.3.0/armtools/bin/../lib/gcc/arm-atollic-eabi/6.3.1/armv7e-m/fpu/crtbegin.o
 .text          0x00000000        0x0 Drivers\STM32F4xx_HAL_Driver\Src\stm32f4xx_hal.o
 .data          0x00000000        0x0 Drivers\STM32F4xx_HAL_Driver\Src\stm32f4xx_hal.o
 .bss           0x00000000        0x0 Drivers\STM32F4xx_HAL_Driver\Src\stm32f4xx_hal.o
 .text.HAL_MspInit
                0x00000000        0x2 Drivers\STM32F4xx_HAL_Driver\Src\stm32f4xx_hal.o
 .text.HAL_MspDeInit
                0x00000000        0x2 Drivers\STM32F4xx_HAL_Driver\Src\stm32f4xx_hal.o
 .text.HAL_DeInit
                0x00000000       0x2c Drivers\STM32F4xx_HAL_Driver\Src\stm32f4xx_hal.o
 .text.HAL_InitTick
                0x00000000       0x48 Drivers\STM32F4xx_HAL_Driver\Src\stm32f4xx_hal.o
 .text.HAL_GetTickPrio
                0x00000000        0xc Drivers\STM32F4xx_HAL_Driver\Src\stm32f4xx_hal.o
 .text.HAL_SetTickFreq
                0x00000000       0x24 Drivers\STM32F4xx_HAL_Driver\Src\stm32f4xx_hal.o
 .text.HAL_GetTickFreq
                0x00000000        0xc Drivers\STM32F4xx_HAL_Driver\Src\stm32f4xx_hal.o
 .text.HAL_Delay
                0x00000000       0x28 Drivers\STM32F4xx_HAL_Driver\Src\stm32f4xx_hal.o
 .text.HAL_SuspendTick
                0x00000000       0x10 Drivers\STM32F4xx_HAL_Driver\Src\stm32f4xx_hal.o
 .text.HAL_ResumeTick
                0x00000000       0x10 Drivers\STM32F4xx_HAL_Driver\Src\stm32f4xx_hal.o
[...]
Memory Configuration

Name             Origin             Length             Attributes
RAM              0x20000000         0x00020000         xrw
CCMRAM           0x10000000         0x00010000         rw
FLASH            0x08000000         0x00100000         xr
*default*        0x00000000         0xffffffff

Linker script and memory map

LOAD c:/program files (x86)/atollic/truestudio for stm32 9.3.0/armtools/bin/../lib/gcc/arm-atollic-eabi/6.3.1/armv7e-m/fpu/crti.o
LOAD c:/program files (x86)/atollic/truestudio for stm32 9.3.0/armtools/bin/../lib/gcc/arm-atollic-eabi/6.3.1/armv7e-m/fpu/crtbegin.o
LOAD Drivers\STM32F4xx_HAL_Driver\Src\stm32f4xx_hal.o
LOAD Drivers\STM32F4xx_HAL_Driver\Src\stm32f4xx_hal_cortex.o
LOAD Drivers\STM32F4xx_HAL_Driver\Src\stm32f4xx_hal_dma.o
LOAD Drivers\STM32F4xx_HAL_Driver\Src\stm32f4xx_hal_dma_ex.o
LOAD Drivers\STM32F4xx_HAL_Driver\Src\stm32f4xx_hal_exti.o
LOAD Drivers\STM32F4xx_HAL_Driver\Src\stm32f4xx_hal_flash.o
LOAD Drivers\STM32F4xx_HAL_Driver\Src\stm32f4xx_hal_flash_ex.o
LOAD Drivers\STM32F4xx_HAL_Driver\Src\stm32f4xx_hal_flash_ramfunc.o
LOAD Drivers\STM32F4xx_HAL_Driver\Src\stm32f4xx_hal_gpio.o
LOAD Drivers\STM32F4xx_HAL_Driver\Src\stm32f4xx_hal_pwr.o
LOAD Drivers\STM32F4xx_HAL_Driver\Src\stm32f4xx_hal_pwr_ex.o
LOAD Drivers\STM32F4xx_HAL_Driver\Src\stm32f4xx_hal_rcc.o
LOAD Drivers\STM32F4xx_HAL_Driver\Src\stm32f4xx_hal_rcc_ex.o
LOAD Drivers\STM32F4xx_HAL_Driver\Src\stm32f4xx_hal_spi.o
LOAD Drivers\STM32F4xx_HAL_Driver\Src\stm32f4xx_hal_tim.o
LOAD Drivers\STM32F4xx_HAL_Driver\Src\stm32f4xx_hal_tim_ex.o
LOAD Middlewares\Third_Party\FreeRTOS\Source\CMSIS_RTOS\cmsis_os.o
LOAD Middlewares\Third_Party\FreeRTOS\Source\croutine.o
LOAD Middlewares\Third_Party\FreeRTOS\Source\event_groups.o
LOAD Middlewares\Third_Party\FreeRTOS\Source\list.o
LOAD Middlewares\Third_Party\FreeRTOS\Source\portable\GCC\ARM_CM4F\port.o
LOAD Middlewares\Third_Party\FreeRTOS\Source\portable\MemMang\heap_4.o
LOAD Middlewares\Third_Party\FreeRTOS\Source\queue.o
LOAD Middlewares\Third_Party\FreeRTOS\Source\stream_buffer.o
LOAD Middlewares\Third_Party\FreeRTOS\Source\tasks.o
LOAD Middlewares\Third_Party\FreeRTOS\Source\timers.o
LOAD Src\AD5412Driver.o
LOAD Src\KYEDriver.o
LOAD Src\freertos.o
LOAD Src\gpio.o
LOAD Src\main.o
LOAD Src\spi.o
LOAD Src\stm32f4xx_hal_msp.o
LOAD Src\stm32f4xx_hal_timebase_tim.o
LOAD Src\stm32f4xx_it.o
LOAD Src\syscalls.o
LOAD Src\system_stm32f4xx.o
LOAD startup\startup_stm32f407xx.o
                0x00000080                malloc_getpagesize_P = 0x80
START GROUP
LOAD c:/program files (x86)/atollic/truestudio for stm32 9.3.0/armtools/bin/../lib/gcc/arm-atollic-eabi/6.3.1/../../../../arm-atollic-eabi/lib/armv7e-m/fpu\libc_nano.a
LOAD c:/program files (x86)/atollic/truestudio for stm32 9.3.0/armtools/bin/../lib/gcc/arm-atollic-eabi/6.3.1/../../../../arm-atollic-eabi/lib/armv7e-m/fpu\libm.a
END GROUP
START GROUP
LOAD c:/program files (x86)/atollic/truestudio for stm32 9.3.0/armtools/bin/../lib/gcc/arm-atollic-eabi/6.3.1/armv7e-m/fpu\libgcc.a
LOAD c:/program files (x86)/atollic/truestudio for stm32 9.3.0/armtools/bin/../lib/gcc/arm-atollic-eabi/6.3.1/../../../../arm-atollic-eabi/lib/armv7e-m/fpu\libc_nano.a
END GROUP
START GROUP
LOAD c:/program files (x86)/atollic/truestudio for stm32 9.3.0/armtools/bin/../lib/gcc/arm-atollic-eabi/6.3.1/armv7e-m/fpu\libgcc.a
LOAD c:/program files (x86)/atollic/truestudio for stm32 9.3.0/armtools/bin/../lib/gcc/arm-atollic-eabi/6.3.1/../../../../arm-atollic-eabi/lib/armv7e-m/fpu\libc_nano.a
LOAD c:/program files (x86)/atollic/truestudio for stm32 9.3.0/armtools/bin/../lib/gcc/arm-atollic-eabi/6.3.1/../../../../arm-atollic-eabi/lib/armv7e-m/fpu\libnosys.a
END GROUP
START GROUP
LOAD c:/program files (x86)/atollic/truestudio for stm32 9.3.0/armtools/bin/../lib/gcc/arm-atollic-eabi/6.3.1/armv7e-m/fpu\libgcc.a
LOAD c:/program files (x86)/atollic/truestudio for stm32 9.3.0/armtools/bin/../lib/gcc/arm-atollic-eabi/6.3.1/../../../../arm-atollic-eabi/lib/armv7e-m/fpu\libc_nano.a
LOAD c:/program files (x86)/atollic/truestudio for stm32 9.3.0/armtools/bin/../lib/gcc/arm-atollic-eabi/6.3.1/../../../../arm-atollic-eabi/lib/armv7e-m/fpu\libnosys.a
END GROUP
LOAD c:/program files (x86)/atollic/truestudio for stm32 9.3.0/armtools/bin/../lib/gcc/arm-atollic-eabi/6.3.1/armv7e-m/fpu/crtend.o
LOAD c:/program files (x86)/atollic/truestudio for stm32 9.3.0/armtools/bin/../lib/gcc/arm-atollic-eabi/6.3.1/armv7e-m/fpu/crtn.o
                0x20020000                _estack = 0x20020000
                0x00000200                _Min_Heap_Size = 0x200
                0x00000400                _Min_Stack_Size = 0x400

.isr_vector     0x08000000      0x188
                0x08000000                . = ALIGN (0x4)
 *(.isr_vector)
 .isr_vector    0x08000000      0x188 startup\startup_stm32f407xx.o
                0x08000000                g_pfnVectors
                0x08000188                . = ALIGN (0x4)

.text           0x08000190     0x20fc
                0x08000190                . = ALIGN (0x4)
 *(.text)
 .text          0x08000190       0x40 c:/program files (x86)/atollic/truestudio for stm32 9.3.0/armtools/bin/../lib/gcc/arm-atollic-eabi/6.3.1/armv7e-m/fpu/crtbegin.o
 .text          0x080001d0       0x30 c:/program files (x86)/atollic/truestudio for stm32 9.3.0/armtools/bin/../lib/gcc/arm-atollic-eabi/6.3.1/armv7e-m/fpu\libgcc.a(_aeabi_uldivmod.o)
                0x080001d0                __aeabi_uldivmod
 .text          0x08000200      0x2dc c:/program files (x86)/atollic/truestudio for stm32 9.3.0/armtools/bin/../lib/gcc/arm-atollic-eabi/6.3.1/armv7e-m/fpu\libgcc.a(_udivmoddi4.o)
                0x08000200                __udivmoddi4
 .text          0x080004dc        0x4 c:/program files (x86)/atollic/truestudio for stm32 9.3.0/armtools/bin/../lib/gcc/arm-atollic-eabi/6.3.1/armv7e-m/fpu\libgcc.a(_dvmd_tls.o)
                0x080004dc                __aeabi_idiv0
                0x080004dc                __aeabi_ldiv0
 *(.text*)
 .text.HAL_Init
                0x080004e0       0x34 Drivers\STM32F4xx_HAL_Driver\Src\stm32f4xx_hal.o
                0x080004e0                HAL_Init
 .text.HAL_IncTick
                0x08000514       0x18 Drivers\STM32F4xx_HAL_Driver\Src\stm32f4xx_hal.o
                0x08000514                HAL_IncTick
 .text.HAL_GetTick
                0x0800052c        0xc Drivers\STM32F4xx_HAL_Driver\Src\stm32f4xx_hal.o
                0x0800052c                HAL_GetTick
 .text.HAL_NVIC_SetPriorityGrouping
                0x08000538       0x24 Drivers\STM32F4xx_HAL_Driver\Src\stm32f4xx_hal_cortex.o
                0x08000538                HAL_NVIC_SetPriorityGrouping
 .text.HAL_NVIC_SetPriority
                0x0800055c       0x68 Drivers\STM32F4xx_HAL_Driver\Src\stm32f4xx_hal_cortex.o
                0x0800055c                HAL_NVIC_SetPriority
 .text.HAL_NVIC_EnableIRQ
                0x080005c4       0x1c Drivers\STM32F4xx_HAL_Driver\Src\stm32f4xx_hal_cortex.o
                0x080005c4                HAL_NVIC_EnableIRQ
 .text.HAL_GPIO_Init
                0x080005e0      0x1c0 Drivers\STM32F4xx_HAL_Driver\Src\stm32f4xx_hal_gpio.o
                0x080005e0                HAL_GPIO_Init
 .text.HAL_GPIO_WritePin
                0x080007a0        0xa Drivers\STM32F4xx_HAL_Driver\Src\stm32f4xx_hal_gpio.o
                0x080007a0                HAL_GPIO_WritePin
 .text.HAL_GPIO_TogglePin
                0x080007aa        0xe Drivers\STM32F4xx_HAL_Driver\Src\stm32f4xx_hal_gpio.o
                0x080007aa                HAL_GPIO_TogglePin
 .text.HAL_RCC_OscConfig
                0x080007b8      0x304 Drivers\STM32F4xx_HAL_Driver\Src\stm32f4xx_hal_rcc.o
                0x080007b8                HAL_RCC_OscConfig
 .text.HAL_RCC_GetSysClockFreq
                0x08000abc       0x5c Drivers\STM32F4xx_HAL_Driver\Src\stm32f4xx_hal_rcc.o
                0x08000abc                HAL_RCC_GetSysClockFreq
 .text.HAL_RCC_ClockConfig
                0x08000b18      0x134 Drivers\STM32F4xx_HAL_Driver\Src\stm32f4xx_hal_rcc.o
                0x08000b18                HAL_RCC_ClockConfig
 .text.HAL_RCC_GetPCLK2Freq
                0x08000c4c       0x20 Drivers\STM32F4xx_HAL_Driver\Src\stm32f4xx_hal_rcc.o
                0x08000c4c                HAL_RCC_GetPCLK2Freq
 .text.HAL_RCC_GetClockConfig
                0x08000c6c       0x3c Drivers\STM32F4xx_HAL_Driver\Src\stm32f4xx_hal_rcc.o
                0x08000c6c                HAL_RCC_GetClockConfig
 .text.HAL_SPI_Init
                0x08000ca8       0x7a Drivers\STM32F4xx_HAL_Driver\Src\stm32f4xx_hal_spi.o
                0x08000ca8                HAL_SPI_Init
 .text.HAL_TIM_Base_MspInit
                0x08000d22        0x2 Drivers\STM32F4xx_HAL_Driver\Src\stm32f4xx_hal_tim.o
                0x08000d22                HAL_TIM_Base_MspInit
 .text.HAL_TIM_Base_Start_IT
                0x08000d24       0x20 Drivers\STM32F4xx_HAL_Driver\Src\stm32f4xx_hal_tim.o
                0x08000d24                HAL_TIM_Base_Start_IT
 .text.HAL_TIM_OC_DelayElapsedCallback
                0x08000d44        0x2 Drivers\STM32F4xx_HAL_Driver\Src\stm32f4xx_hal_tim.o
                0x08000d44                HAL_TIM_OC_DelayElapsedCallback
 .text.HAL_TIM_IC_CaptureCallback
                0x08000d46        0x2 Drivers\STM32F4xx_HAL_Driver\Src\stm32f4xx_hal_tim.o
                0x08000d46                HAL_TIM_IC_CaptureCallback
 .text.HAL_TIM_PWM_PulseFinishedCallback
                0x08000d48        0x2 Drivers\STM32F4xx_HAL_Driver\Src\stm32f4xx_hal_tim.o
                0x08000d48                HAL_TIM_PWM_PulseFinishedCallback
 .text.HAL_TIM_TriggerCallback
                0x08000d4a        0x2 Drivers\STM32F4xx_HAL_Driver\Src\stm32f4xx_hal_tim.o
                0x08000d4a                HAL_TIM_TriggerCallback
 .text.HAL_TIM_IRQHandler
                0x08000d4c      0x144 Drivers\STM32F4xx_HAL_Driver\Src\stm32f4xx_hal_tim.o
                0x08000d4c                HAL_TIM_IRQHandler
 .text.TIM_Base_SetConfig
                0x08000e90       0xcc Drivers\STM32F4xx_HAL_Driver\Src\stm32f4xx_hal_tim.o
                0x08000e90                TIM_Base_SetConfig
 .text.HAL_TIM_Base_Init
                0x08000f5c       0x34 Drivers\STM32F4xx_HAL_Driver\Src\stm32f4xx_hal_tim.o
                0x08000f5c                HAL_TIM_Base_Init
 .text.HAL_TIMEx_CommutCallback
                0x08000f90        0x2 Drivers\STM32F4xx_HAL_Driver\Src\stm32f4xx_hal_tim_ex.o
                0x08000f90                HAL_TIMEx_CommutCallback
 .text.HAL_TIMEx_BreakCallback
                0x08000f92        0x2 Drivers\STM32F4xx_HAL_Driver\Src\stm32f4xx_hal_tim_ex.o
                0x08000f92                HAL_TIMEx_BreakCallback
 .text.osKernelStart
                0x08000f94        0xa Middlewares\Third_Party\FreeRTOS\Source\CMSIS_RTOS\cmsis_os.o
                0x08000f94                osKernelStart
 .text.osThreadCreate
                0x08000f9e       0x50 Middlewares\Third_Party\FreeRTOS\Source\CMSIS_RTOS\cmsis_os.o
                0x08000f9e                osThreadCreate
 .text.osDelay  0x08000fee       0x10 Middlewares\Third_Party\FreeRTOS\Source\CMSIS_RTOS\cmsis_os.o
                0x08000fee                osDelay
 .text.vListInitialise
                0x08000ffe       0x16 Middlewares\Third_Party\FreeRTOS\Source\list.o
                0x08000ffe                vListInitialise
 .text.vListInitialiseItem
                0x08001014        0x6 Middlewares\Third_Party\FreeRTOS\Source\list.o
                0x08001014                vListInitialiseItem
 .text.vListInsertEnd
                0x0800101a       0x18 Middlewares\Third_Party\FreeRTOS\Source\list.o
                0x0800101a                vListInsertEnd
 .text.vListInsert
                0x08001032       0x2e Middlewares\Third_Party\FreeRTOS\Source\list.o
                0x08001032                vListInsert
 .text.uxListRemove
                0x08001060       0x22 Middlewares\Third_Party\FreeRTOS\Source\list.o
                0x08001060                uxListRemove
 *fill*         0x08001082        0x2 
 .text.prvTaskExitError
                0x08001084       0x40 Middlewares\Third_Party\FreeRTOS\Source\portable\GCC\ARM_CM4F\port.o
 .text.unlikely.prvPortStartFirstTask
                0x080010c4       0x28 Middlewares\Third_Party\FreeRTOS\Source\portable\GCC\ARM_CM4F\port.o
 .text.unlikely.vPortEnableVFP
                0x080010ec       0x14 Middlewares\Third_Party\FreeRTOS\Source\portable\GCC\ARM_CM4F\port.o
 .text.pxPortInitialiseStack
                0x08001100       0x2c Middlewares\Third_Party\FreeRTOS\Source\portable\GCC\ARM_CM4F\port.o
                0x08001100                pxPortInitialiseStack
 *fill*         0x0800112c        0x4 
 .text.SVC_Handler
                0x08001130       0x24 Middlewares\Third_Party\FreeRTOS\Source\portable\GCC\ARM_CM4F\port.o
                0x08001130                SVC_Handler
 .text.vPortEnterCritical
                0x08001154       0x44 Middlewares\Third_Party\FreeRTOS\Source\portable\GCC\ARM_CM4F\port.o
                0x08001154                vPortEnterCritical
 .text.vPortExitCritical
                0x08001198       0x28 Middlewares\Third_Party\FreeRTOS\Source\portable\GCC\ARM_CM4F\port.o
                0x08001198                vPortExitCritical
 .text.PendSV_Handler
                0x080011c0       0x64 Middlewares\Third_Party\FreeRTOS\Source\portable\GCC\ARM_CM4F\port.o
                0x080011c0                PendSV_Handler
 .text.SysTick_Handler
                0x08001224       0x2c Middlewares\Third_Party\FreeRTOS\Source\portable\GCC\ARM_CM4F\port.o
                0x08001224                SysTick_Handler
 .text.vPortSetupTimerInterrupt
                0x08001250       0x34 Middlewares\Third_Party\FreeRTOS\Source\portable\GCC\ARM_CM4F\port.o
                0x08001250                vPortSetupTimerInterrupt
 .text.xPortStartScheduler
                0x08001284      0x10c Middlewares\Third_Party\FreeRTOS\Source\portable\GCC\ARM_CM4F\port.o
                0x08001284                xPortStartScheduler
 .text.unlikely.prvInsertBlockIntoFreeList
                0x08001390       0x48 Middlewares\Third_Party\FreeRTOS\Source\portable\MemMang\heap_4.o
 .text.pvPortMalloc
                0x080013d8      0x11c Middlewares\Third_Party\FreeRTOS\Source\portable\MemMang\heap_4.o
                0x080013d8                pvPortMalloc
 .text.vPortFree
                0x080014f4       0x70 Middlewares\Third_Party\FreeRTOS\Source\portable\MemMang\heap_4.o
                0x080014f4                vPortFree
 .text.prvAddNewTaskToReadyList
                0x08001564       0xf8 Middlewares\Third_Party\FreeRTOS\Source\tasks.o
 .text.prvResetNextTaskUnblockTime
                0x0800165c       0x24 Middlewares\Third_Party\FreeRTOS\Source\tasks.o
 .text.prvInitialiseNewTask.isra.2
                0x08001680       0x82 Middlewares\Third_Party\FreeRTOS\Source\tasks.o
 .text.prvDeleteTCB
                0x08001702       0x36 Middlewares\Third_Party\FreeRTOS\Source\tasks.o
 .text.prvIdleTask
                0x08001738       0x64 Middlewares\Third_Party\FreeRTOS\Source\tasks.o
 .text.prvAddCurrentTaskToDelayedList
                0x0800179c       0x8c Middlewares\Third_Party\FreeRTOS\Source\tasks.o
 .text.xTaskCreateStatic
                0x08001828       0x6e Middlewares\Third_Party\FreeRTOS\Source\tasks.o
                0x08001828                xTaskCreateStatic
 .text.xTaskCreate
                0x08001896       0x5a Middlewares\Third_Party\FreeRTOS\Source\tasks.o
                0x08001896                xTaskCreate
 .text.vTaskStartScheduler
                0x080018f0       0x6c Middlewares\Third_Party\FreeRTOS\Source\tasks.o
                0x080018f0                vTaskStartScheduler
 .text.vTaskSuspendAll
                0x0800195c       0x10 Middlewares\Third_Party\FreeRTOS\Source\tasks.o
                0x0800195c                vTaskSuspendAll
 .text.xTaskIncrementTick
                0x0800196c      0x124 Middlewares\Third_Party\FreeRTOS\Source\tasks.o
                0x0800196c                xTaskIncrementTick
 .text.xTaskResumeAll
                0x08001a90       0xf0 Middlewares\Third_Party\FreeRTOS\Source\tasks.o
                0x08001a90                xTaskResumeAll
 .text.vTaskDelay
                0x08001b80       0x48 Middlewares\Third_Party\FreeRTOS\Source\tasks.o
                0x08001b80                vTaskDelay
 .text.vTaskSwitchContext
                0x08001bc8       0x74 Middlewares\Third_Party\FreeRTOS\Source\tasks.o
                0x08001bc8                vTaskSwitchContext
 .text.WriteToAD5422
                0x08001c3c       0x70 Src\AD5412Driver.o
                0x08001c3c                WriteToAD5422
 .text.LED_Task
                0x08001cac       0x1c Src\freertos.o
                0x08001cac                LED_Task
 .text.AD5412Task
                0x08001cc8       0x6c Src\freertos.o
                0x08001cc8                AD5412Task
 .text.vApplicationGetIdleTaskMemory
                0x08001d34       0x18 Src\freertos.o
                0x08001d34                vApplicationGetIdleTaskMemory
 .text.MX_FREERTOS_Init
                0x08001d4c       0x50 Src\freertos.o
                0x08001d4c                MX_FREERTOS_Init
 .text.MX_GPIO_Init
                0x08001d9c      0x190 Src\gpio.o
                0x08001d9c                MX_GPIO_Init
 .text.SystemClock_Config
                0x08001f2c       0x94 Src\main.o
                0x08001f2c                SystemClock_Config
 .text.startup.main
                0x08001fc0       0x1c Src\main.o
                0x08001fc0                main
 .text.HAL_TIM_PeriodElapsedCallback
                0x08001fdc       0x14 Src\main.o
                0x08001fdc                HAL_TIM_PeriodElapsedCallback
 .text.Error_Handler
                0x08001ff0        0x2 Src\main.o
                0x08001ff0                Error_Handler
 *fill*         0x08001ff2        0x2 
 .text.MX_SPI1_Init
                0x08001ff4       0x44 Src\spi.o
                0x08001ff4                MX_SPI1_Init
 .text.HAL_SPI_MspInit
                0x08002038       0x6c Src\spi.o
                0x08002038                HAL_SPI_MspInit
 .text.HAL_MspInit
                0x080020a4       0x44 Src\stm32f4xx_hal_msp.o
                0x080020a4                HAL_MspInit
 .text.HAL_InitTick
                0x080020e8       0x7c Src\stm32f4xx_hal_timebase_tim.o
                0x080020e8                HAL_InitTick
 .text.NMI_Handler
                0x08002164        0x2 Src\stm32f4xx_it.o
                0x08002164                NMI_Handler
 .text.HardFault_Handler
                0x08002166        0x2 Src\stm32f4xx_it.o
                0x08002166                HardFault_Handler
 .text.MemManage_Handler
                0x08002168        0x2 Src\stm32f4xx_it.o
                0x08002168                MemManage_Handler
 .text.BusFault_Handler
                0x0800216a        0x2 Src\stm32f4xx_it.o
                0x0800216a                BusFault_Handler
 .text.UsageFault_Handler
                0x0800216c        0x2 Src\stm32f4xx_it.o
                0x0800216c                UsageFault_Handler
 .text.DebugMon_Handler
                0x0800216e        0x2 Src\stm32f4xx_it.o
                0x0800216e                DebugMon_Handler
 .text.TIM1_UP_TIM10_IRQHandler
                0x08002170        0xc Src\stm32f4xx_it.o
                0x08002170                TIM1_UP_TIM10_IRQHandler
 .text.SystemInit
                0x0800217c       0x4c Src\system_stm32f4xx.o
                0x0800217c                SystemInit
 .text.Reset_Handler
                0x080021c8       0x50 startup\startup_stm32f407xx.o
                0x080021c8                Reset_Handler
 .text.Default_Handler
                0x08002218        0x2 startup\startup_stm32f407xx.o
                0x08002218                RTC_Alarm_IRQHandler
                0x08002218                HASH_RNG_IRQHandler
                0x08002218                EXTI2_IRQHandler
                0x08002218                TIM8_CC_IRQHandler
                0x08002218                TIM1_CC_IRQHandler
                0x08002218                DMA2_Stream5_IRQHandler
                0x08002218                DMA1_Stream5_IRQHandler
                0x08002218                PVD_IRQHandler
                0x08002218                SDIO_IRQHandler
                0x08002218                TAMP_STAMP_IRQHandler
                0x08002218                CAN2_RX1_IRQHandler
                0x08002218                EXTI3_IRQHandler
                0x08002218                TIM8_TRG_COM_TIM14_IRQHandler
                0x08002218                TIM8_UP_TIM13_IRQHandler
                0x08002218                I2C3_ER_IRQHandler
                0x08002218                EXTI0_IRQHandler
                0x08002218                I2C2_EV_IRQHandler
                0x08002218                DMA1_Stream2_IRQHandler
                0x08002218                CAN1_RX0_IRQHandler
                0x08002218                FPU_IRQHandler
                0x08002218                OTG_HS_WKUP_IRQHandler
                0x08002218                CAN2_SCE_IRQHandler
                0x08002218                DMA2_Stream2_IRQHandler
                0x08002218                SPI1_IRQHandler
                0x08002218                TIM6_DAC_IRQHandler
                0x08002218                TIM1_BRK_TIM9_IRQHandler
                0x08002218                DCMI_IRQHandler
                0x08002218                CAN2_RX0_IRQHandler
                0x08002218                DMA2_Stream3_IRQHandler
                0x08002218                USART6_IRQHandler
                0x08002218                USART3_IRQHandler
                0x08002218                CAN1_RX1_IRQHandler
                0x08002218                UART5_IRQHandler
                0x08002218                DMA2_Stream0_IRQHandler
                0x08002218                TIM4_IRQHandler
                0x08002218                I2C1_EV_IRQHandler
                0x08002218                DMA1_Stream6_IRQHandler
                0x08002218                DMA1_Stream1_IRQHandler
                0x08002218                UART4_IRQHandler
                0x08002218                TIM3_IRQHandler
                0x08002218                RCC_IRQHandler
                0x08002218                TIM8_BRK_TIM12_IRQHandler
                0x08002218                Default_Handler
                0x08002218                EXTI15_10_IRQHandler
                0x08002218                ADC_IRQHandler
                0x08002218                DMA1_Stream7_IRQHandler
                0x08002218                TIM7_IRQHandler
                0x08002218                CAN2_TX_IRQHandler
                0x08002218                TIM5_IRQHandler
                0x08002218                DMA2_Stream7_IRQHandler
                0x08002218                I2C3_EV_IRQHandler
                0x08002218                EXTI9_5_IRQHandler
                0x08002218                RTC_WKUP_IRQHandler
                0x08002218                ETH_WKUP_IRQHandler
                0x08002218                SPI2_IRQHandler
                0x08002218                OTG_HS_EP1_IN_IRQHandler
                0x08002218                DMA1_Stream0_IRQHandler
                0x08002218                CAN1_TX_IRQHandler
                0x08002218                EXTI4_IRQHandler
                0x08002218                FSMC_IRQHandler
                0x08002218                ETH_IRQHandler
                0x08002218                OTG_HS_EP1_OUT_IRQHandler
                0x08002218                WWDG_IRQHandler
                0x08002218                TIM2_IRQHandler
                0x08002218                OTG_FS_WKUP_IRQHandler
                0x08002218                TIM1_TRG_COM_TIM11_IRQHandler
                0x08002218                OTG_HS_IRQHandler
                0x08002218                EXTI1_IRQHandler
                0x08002218                USART2_IRQHandler
                0x08002218                I2C2_ER_IRQHandler
                0x08002218                DMA2_Stream1_IRQHandler
                0x08002218                CAN1_SCE_IRQHandler
                0x08002218                FLASH_IRQHandler
                0x08002218                DMA2_Stream4_IRQHandler
                0x08002218                USART1_IRQHandler
                0x08002218                OTG_FS_IRQHandler
                0x08002218                SPI3_IRQHandler
                0x08002218                DMA1_Stream4_IRQHandler
                0x08002218                I2C1_ER_IRQHandler
                0x08002218                DMA2_Stream6_IRQHandler
                0x08002218                DMA1_Stream3_IRQHandler
 *fill*         0x0800221a        0x2 
 .text.__libc_init_array
                0x0800221c       0x48 c:/program files (x86)/atollic/truestudio for stm32 9.3.0/armtools/bin/../lib/gcc/arm-atollic-eabi/6.3.1/../../../../arm-atollic-eabi/lib/armv7e-m/fpu\libc_nano.a(lib_a-init.o)
                0x0800221c                __libc_init_array
 .text.memset   0x08002264       0x10 c:/program files (x86)/atollic/truestudio for stm32 9.3.0/armtools/bin/../lib/gcc/arm-atollic-eabi/6.3.1/../../../../arm-atollic-eabi/lib/armv7e-m/fpu\libc_nano.a(lib_a-memset.o)
                0x08002264                memset
 *(.glue_7)
 .glue_7        0x08002274        0x0 linker stubs
 *(.glue_7t)
 .glue_7t       0x08002274        0x0 linker stubs
 *(.eh_frame)
 .eh_frame      0x08002274        0x0 c:/program files (x86)/atollic/truestudio for stm32 9.3.0/armtools/bin/../lib/gcc/arm-atollic-eabi/6.3.1/armv7e-m/fpu/crtbegin.o
 *(.init)
 .init          0x08002274        0x4 c:/program files (x86)/atollic/truestudio for stm32 9.3.0/armtools/bin/../lib/gcc/arm-atollic-eabi/6.3.1/armv7e-m/fpu/crti.o
                0x08002274                _init
 .init          0x08002278        0x8 c:/program files (x86)/atollic/truestudio for stm32 9.3.0/armtools/bin/../lib/gcc/arm-atollic-eabi/6.3.1/armv7e-m/fpu/crtn.o
 *(.fini)
 .fini          0x08002280        0x4 c:/program files (x86)/atollic/truestudio for stm32 9.3.0/armtools/bin/../lib/gcc/arm-atollic-eabi/6.3.1/armv7e-m/fpu/crti.o
                0x08002280                _fini
 .fini          0x08002284        0x8 c:/program files (x86)/atollic/truestudio for stm32 9.3.0/armtools/bin/../lib/gcc/arm-atollic-eabi/6.3.1/armv7e-m/fpu/crtn.o
                0x0800228c                . = ALIGN (0x4)
                0x0800228c                _etext = .

.vfp11_veneer   0x0800228c        0x0
 .vfp11_veneer  0x0800228c        0x0 linker stubs

.v4_bx          0x0800228c        0x0
 .v4_bx         0x0800228c        0x0 linker stubs

.iplt           0x0800228c        0x0
 .iplt          0x0800228c        0x0 c:/program files (x86)/atollic/truestudio for stm32 9.3.0/armtools/bin/../lib/gcc/arm-atollic-eabi/6.3.1/armv7e-m/fpu/crtbegin.o

.rodata         0x0800228c       0x6c
                0x0800228c                . = ALIGN (0x4)
 *(.rodata)
 .rodata        0x0800228c       0x38 Src\freertos.o
 *(.rodata*)
 .rodata.vTaskStartScheduler.str1.1
                0x080022c4        0x5 Middlewares\Third_Party\FreeRTOS\Source\tasks.o
 .rodata.str1.1
                0x080022c9       0x17 Src\freertos.o
 .rodata.AHBPrescTable
                0x080022e0       0x10 Src\system_stm32f4xx.o
                0x080022e0                AHBPrescTable
 .rodata.APBPrescTable
                0x080022f0        0x8 Src\system_stm32f4xx.o
                0x080022f0                APBPrescTable
                0x080022f8                . = ALIGN (0x4)

.ARM.extab
 *(.ARM.extab* .gnu.linkonce.armextab.*)

.ARM            0x080022f8        0x8
                0x080022f8                __exidx_start = .
 *(.ARM.exidx*)
 .ARM.exidx     0x080022f8        0x8 c:/program files (x86)/atollic/truestudio for stm32 9.3.0/armtools/bin/../lib/gcc/arm-atollic-eabi/6.3.1/armv7e-m/fpu\libgcc.a(_udivmoddi4.o)
                0x08002300                __exidx_end = .

.rel.dyn        0x08002300        0x0
 .rel.iplt      0x08002300        0x0 c:/program files (x86)/atollic/truestudio for stm32 9.3.0/armtools/bin/../lib/gcc/arm-atollic-eabi/6.3.1/armv7e-m/fpu/crtbegin.o

.preinit_array  0x08002300        0x0
                0x08002300                PROVIDE (__preinit_array_start, .)
 *(.preinit_array*)
                0x08002300                PROVIDE (__preinit_array_end, .)

.init_array     0x08002300        0x4
                0x08002300                PROVIDE (__init_array_start, .)
 *(SORT(.init_array.*))
 *(.init_array*)
 .init_array    0x08002300        0x4 c:/program files (x86)/atollic/truestudio for stm32 9.3.0/armtools/bin/../lib/gcc/arm-atollic-eabi/6.3.1/armv7e-m/fpu/crtbegin.o
                0x08002304                PROVIDE (__init_array_end, .)

.fini_array     0x08002304        0x4
                [!provide]                PROVIDE (__fini_array_start, .)
 *(SORT(.fini_array.*))
 *(.fini_array*)
 .fini_array    0x08002304        0x4 c:/program files (x86)/atollic/truestudio for stm32 9.3.0/armtools/bin/../lib/gcc/arm-atollic-eabi/6.3.1/armv7e-m/fpu/crtbegin.o
                [!provide]                PROVIDE (__fini_array_end, .)
                0x08002308                _sidata = LOADADDR (.data)

.data           0x20000000        0xc load address 0x08002308
                0x20000000                . = ALIGN (0x4)
                0x20000000                _sdata = .
 *(.data)
 *(.data*)
 .data.uwTickFreq
                0x20000000        0x1 Drivers\STM32F4xx_HAL_Driver\Src\stm32f4xx_hal.o
                0x20000000                uwTickFreq
 *fill*         0x20000001        0x3 
 .data.uxCriticalNesting
                0x20000004        0x4 Middlewares\Third_Party\FreeRTOS\Source\portable\GCC\ARM_CM4F\port.o
 .data.SystemCoreClock
                0x20000008        0x4 Src\system_stm32f4xx.o
                0x20000008                SystemCoreClock
                0x2000000c                . = ALIGN (0x4)
                0x2000000c                _edata = .
                0x08002314                _siccmram = LOADADDR (.ccmram)

.igot.plt       0x2000000c        0x0 load address 0x08002314
 .igot.plt      0x2000000c        0x0 c:/program files (x86)/atollic/truestudio for stm32 9.3.0/armtools/bin/../lib/gcc/arm-atollic-eabi/6.3.1/armv7e-m/fpu/crtbegin.o

.ccmram         0x10000000        0x0 load address 0x08002314
                0x10000000                . = ALIGN (0x4)
                0x10000000                _sccmram = .
 *(.ccmram)
 *(.ccmram*)
                0x10000000                . = ALIGN (0x4)
                0x10000000                _eccmram = .
                0x10000000                . = ALIGN (0x4)

.bss            0x2000000c     0x4060
                0x2000000c                _sbss = .
                0x2000000c                __bss_start__ = _sbss
 *(.bss)
 .bss           0x2000000c       0x1c c:/program files (x86)/atollic/truestudio for stm32 9.3.0/armtools/bin/../lib/gcc/arm-atollic-eabi/6.3.1/armv7e-m/fpu/crtbegin.o
 *(.bss*)
 .bss.ucMaxSysCallPriority
                0x20000028        0x1 Middlewares\Third_Party\FreeRTOS\Source\portable\GCC\ARM_CM4F\port.o
 *fill*         0x20000029        0x3 
 .bss.ulMaxPRIGROUPValue
                0x2000002c        0x4 Middlewares\Third_Party\FreeRTOS\Source\portable\GCC\ARM_CM4F\port.o
 .bss.pxEnd     0x20000030        0x4 Middlewares\Third_Party\FreeRTOS\Source\portable\MemMang\heap_4.o
 .bss.ucHeap    0x20000034     0x3c00 Middlewares\Third_Party\FreeRTOS\Source\portable\MemMang\heap_4.o
 .bss.xBlockAllocatedBit
                0x20003c34        0x4 Middlewares\Third_Party\FreeRTOS\Source\portable\MemMang\heap_4.o
 .bss.xFreeBytesRemaining
                0x20003c38        0x4 Middlewares\Third_Party\FreeRTOS\Source\portable\MemMang\heap_4.o
 .bss.xMinimumEverFreeBytesRemaining
                0x20003c3c        0x4 Middlewares\Third_Party\FreeRTOS\Source\portable\MemMang\heap_4.o
 .bss.xStart    0x20003c40        0x8 Middlewares\Third_Party\FreeRTOS\Source\portable\MemMang\heap_4.o
 .bss.pxCurrentTCB
                0x20003c48        0x4 Middlewares\Third_Party\FreeRTOS\Source\tasks.o
                0x20003c48                pxCurrentTCB
 .bss.pxDelayedTaskList
                0x20003c4c        0x4 Middlewares\Third_Party\FreeRTOS\Source\tasks.o
 .bss.pxOverflowDelayedTaskList
                0x20003c50        0x4 Middlewares\Third_Party\FreeRTOS\Source\tasks.o
 .bss.pxReadyTasksLists
                0x20003c54       0x8c Middlewares\Third_Party\FreeRTOS\Source\tasks.o
 .bss.uxCurrentNumberOfTasks
                0x20003ce0        0x4 Middlewares\Third_Party\FreeRTOS\Source\tasks.o
 .bss.uxDeletedTasksWaitingCleanUp
                0x20003ce4        0x4 Middlewares\Third_Party\FreeRTOS\Source\tasks.o
 .bss.uxPendedTicks
                0x20003ce8        0x4 Middlewares\Third_Party\FreeRTOS\Source\tasks.o
 .bss.uxSchedulerSuspended
                0x20003cec        0x4 Middlewares\Third_Party\FreeRTOS\Source\tasks.o
 .bss.uxTaskNumber
                0x20003cf0        0x4 Middlewares\Third_Party\FreeRTOS\Source\tasks.o
 .bss.uxTopReadyPriority
                0x20003cf4        0x4 Middlewares\Third_Party\FreeRTOS\Source\tasks.o
 .bss.xDelayedTaskList1
                0x20003cf8       0x14 Middlewares\Third_Party\FreeRTOS\Source\tasks.o
 .bss.xDelayedTaskList2
                0x20003d0c       0x14 Middlewares\Third_Party\FreeRTOS\Source\tasks.o
 .bss.xNextTaskUnblockTime
                0x20003d20        0x4 Middlewares\Third_Party\FreeRTOS\Source\tasks.o
 .bss.xNumOfOverflows
                0x20003d24        0x4 Middlewares\Third_Party\FreeRTOS\Source\tasks.o
 .bss.xPendingReadyList
                0x20003d28       0x14 Middlewares\Third_Party\FreeRTOS\Source\tasks.o
 .bss.xSchedulerRunning
                0x20003d3c        0x4 Middlewares\Third_Party\FreeRTOS\Source\tasks.o
 .bss.xSuspendedTaskList
                0x20003d40       0x14 Middlewares\Third_Party\FreeRTOS\Source\tasks.o
 .bss.xTasksWaitingTermination
                0x20003d54       0x14 Middlewares\Third_Party\FreeRTOS\Source\tasks.o
 .bss.xTickCount
                0x20003d68        0x4 Middlewares\Third_Party\FreeRTOS\Source\tasks.o
 .bss.xYieldPending
                0x20003d6c        0x4 Middlewares\Third_Party\FreeRTOS\Source\tasks.o
 .bss.buf       0x20003d70        0x4 Src\freertos.o
                0x20003d70                buf
 .bss.xIdleStack
                0x20003d74      0x200 Src\freertos.o
 .bss.xIdleTaskTCBBuffer
                0x20003f74       0x54 Src\freertos.o
 *(COMMON)
 COMMON         0x20003fc8        0x4 Drivers\STM32F4xx_HAL_Driver\Src\stm32f4xx_hal.o
                0x20003fc8                uwTick
 COMMON         0x20003fcc        0x8 Src\freertos.o
                0x20003fcc                Task1_LEDHandle
                0x20003fd0                Task2_AD5412Handle
 COMMON         0x20003fd4       0x58 Src\spi.o
                0x20003fd4                hspi1
 COMMON         0x2000402c       0x40 Src\stm32f4xx_hal_timebase_tim.o
                0x2000402c                htim1
                0x2000406c                . = ALIGN (0x4)
                0x2000406c                _ebss = .
                0x2000406c                __bss_end__ = _ebss

._user_heap_stack
                0x2000406c      0x600
                0x2000406c                . = ALIGN (0x4)
                0x2000406c                PROVIDE (end, .)
                [!provide]                PROVIDE (_end, .)
                0x2000426c                . = (. + _Min_Heap_Size)
 *fill*         0x2000406c      0x200 
                0x2000466c                . = (. + _Min_Stack_Size)
 *fill*         0x2000426c      0x400 
                0x2000466c                . = ALIGN (0x4)

/DISCARD/
 libc.a(*)
 libm.a(*)
 libgcc.a(*)

.ARM.attributes
                0x00000000       0x30
 *(.ARM.attributes)
 .ARM.attributes
                0x00000000       0x22 c:/program files (x86)/atollic/truestudio for stm32 9.3.0/armtools/bin/../lib/gcc/arm-atollic-eabi/6.3.1/armv7e-m/fpu/crti.o
 .ARM.attributes
                0x00000022       0x34 c:/program files (x86)/atollic/truestudio for stm32 9.3.0/armtools/bin/../lib/gcc/arm-atollic-eabi/6.3.1/armv7e-m/fpu/crtbegin.o
 .ARM.attributes
                0x00000056       0x39 Drivers\STM32F4xx_HAL_Driver\Src\stm32f4xx_hal.o
 .ARM.attributes
                0x0000008f       0x39 Drivers\STM32F4xx_HAL_Driver\Src\stm32f4xx_hal_cortex.o
 .ARM.attributes
                0x000000c8       0x39 Drivers\STM32F4xx_HAL_Driver\Src\stm32f4xx_hal_gpio.o
 .ARM.attributes
                0x00000101       0x39 Drivers\STM32F4xx_HAL_Driver\Src\stm32f4xx_hal_rcc.o
 .ARM.attributes
                0x0000013a       0x39 Drivers\STM32F4xx_HAL_Driver\Src\stm32f4xx_hal_spi.o
 .ARM.attributes
                0x00000173       0x39 Drivers\STM32F4xx_HAL_Driver\Src\stm32f4xx_hal_tim.o
 .ARM.attributes
                0x000001ac       0x39 Drivers\STM32F4xx_HAL_Driver\Src\stm32f4xx_hal_tim_ex.o
 .ARM.attributes
                0x000001e5       0x39 Middlewares\Third_Party\FreeRTOS\Source\CMSIS_RTOS\cmsis_os.o
 .ARM.attributes
                0x0000021e       0x39 Middlewares\Third_Party\FreeRTOS\Source\list.o
 .ARM.attributes
                0x00000257       0x39 Middlewares\Third_Party\FreeRTOS\Source\portable\GCC\ARM_CM4F\port.o
 .ARM.attributes
                0x00000290       0x39 Middlewares\Third_Party\FreeRTOS\Source\portable\MemMang\heap_4.o
 .ARM.attributes
                0x000002c9       0x39 Middlewares\Third_Party\FreeRTOS\Source\tasks.o
 .ARM.attributes
                0x00000302       0x39 Src\AD5412Driver.o
 .ARM.attributes
                0x0000033b       0x39 Src\freertos.o
 .ARM.attributes
                0x00000374       0x39 Src\gpio.o
 .ARM.attributes
                0x000003ad       0x39 Src\main.o
 .ARM.attributes
                0x000003e6       0x39 Src\spi.o
 .ARM.attributes
                0x0000041f       0x39 Src\stm32f4xx_hal_msp.o
 .ARM.attributes
                0x00000458       0x39 Src\stm32f4xx_hal_timebase_tim.o
 .ARM.attributes
                0x00000491       0x39 Src\stm32f4xx_it.o
 .ARM.attributes
                0x000004ca       0x39 Src\system_stm32f4xx.o
 .ARM.attributes
                0x00000503       0x21 startup\startup_stm32f407xx.o
 .ARM.attributes
                0x00000524       0x34 c:/program files (x86)/atollic/truestudio for stm32 9.3.0/armtools/bin/../lib/gcc/arm-atollic-eabi/6.3.1/../../../../arm-atollic-eabi/lib/armv7e-m/fpu\libc_nano.a(lib_a-init.o)
 .ARM.attributes
                0x00000558       0x34 c:/program files (x86)/atollic/truestudio for stm32 9.3.0/armtools/bin/../lib/gcc/arm-atollic-eabi/6.3.1/../../../../arm-atollic-eabi/lib/armv7e-m/fpu\libc_nano.a(lib_a-memset.o)
 .ARM.attributes
                0x0000058c       0x22 c:/program files (x86)/atollic/truestudio for stm32 9.3.0/armtools/bin/../lib/gcc/arm-atollic-eabi/6.3.1/armv7e-m/fpu\libgcc.a(_aeabi_uldivmod.o)
 .ARM.attributes
                0x000005ae       0x34 c:/program files (x86)/atollic/truestudio for stm32 9.3.0/armtools/bin/../lib/gcc/arm-atollic-eabi/6.3.1/armv7e-m/fpu\libgcc.a(_udivmoddi4.o)
 .ARM.attributes
                0x000005e2       0x22 c:/program files (x86)/atollic/truestudio for stm32 9.3.0/armtools/bin/../lib/gcc/arm-atollic-eabi/6.3.1/armv7e-m/fpu\libgcc.a(_dvmd_tls.o)
 .ARM.attributes
                0x00000604       0x22 c:/program files (x86)/atollic/truestudio for stm32 9.3.0/armtools/bin/../lib/gcc/arm-atollic-eabi/6.3.1/armv7e-m/fpu/crtn.o
OUTPUT(STM32F407ZGPro.elf elf32-littlearm)

.debug_info     0x00000000    0x14aa0
 .debug_info    0x00000000      0x9ef Drivers\STM32F4xx_HAL_Driver\Src\stm32f4xx_hal.o
 .debug_info    0x000009ef      0xf39 Drivers\STM32F4xx_HAL_Driver\Src\stm32f4xx_hal_cortex.o
 .debug_info    0x00001928      0x775 Drivers\STM32F4xx_HAL_Driver\Src\stm32f4xx_hal_gpio.o
 .debug_info    0x0000209d      0xa57 Drivers\STM32F4xx_HAL_Driver\Src\stm32f4xx_hal_rcc.o
 .debug_info    0x00002af4     0x1d9a Drivers\STM32F4xx_HAL_Driver\Src\stm32f4xx_hal_spi.o
 .debug_info    0x0000488e     0x34cf Drivers\STM32F4xx_HAL_Driver\Src\stm32f4xx_hal_tim.o
 .debug_info    0x00007d5d     0x12fe Drivers\STM32F4xx_HAL_Driver\Src\stm32f4xx_hal_tim_ex.o
 .debug_info    0x0000905b     0x293d Middlewares\Third_Party\FreeRTOS\Source\CMSIS_RTOS\cmsis_os.o
 .debug_info    0x0000b998      0xac5 Middlewares\Third_Party\FreeRTOS\Source\list.o
 .debug_info    0x0000c45d      0x572 Middlewares\Third_Party\FreeRTOS\Source\portable\GCC\ARM_CM4F\port.o
 .debug_info    0x0000c9cf      0xca5 Middlewares\Third_Party\FreeRTOS\Source\portable\MemMang\heap_4.o
 .debug_info    0x0000d674     0x2e2d Middlewares\Third_Party\FreeRTOS\Source\tasks.o
 .debug_info    0x000104a1      0x48c Src\AD5412Driver.o
 .debug_info    0x0001092d      0x692 Src\freertos.o
 .debug_info    0x00010fbf      0x65d Src\gpio.o
 .debug_info    0x0001161c      0xd50 Src\main.o
 .debug_info    0x0001236c      0xa11 Src\spi.o
 .debug_info    0x00012d7d      0x560 Src\stm32f4xx_hal_msp.o
 .debug_info    0x000132dd      0xba0 Src\stm32f4xx_hal_timebase_tim.o
 .debug_info    0x00013e7d      0x682 Src\stm32f4xx_it.o
 .debug_info    0x000144ff      0x50a Src\system_stm32f4xx.o
 .debug_info    0x00014a09       0x97 startup\startup_stm32f407xx.o

.debug_abbrev   0x00000000     0x3186
 .debug_abbrev  0x00000000      0x23d Drivers\STM32F4xx_HAL_Driver\Src\stm32f4xx_hal.o
 .debug_abbrev  0x0000023d      0x314 Drivers\STM32F4xx_HAL_Driver\Src\stm32f4xx_hal_cortex.o
 .debug_abbrev  0x00000551      0x1ef Drivers\STM32F4xx_HAL_Driver\Src\stm32f4xx_hal_gpio.o
 .debug_abbrev  0x00000740      0x2cb Drivers\STM32F4xx_HAL_Driver\Src\stm32f4xx_hal_rcc.o
 .debug_abbrev  0x00000a0b      0x335 Drivers\STM32F4xx_HAL_Driver\Src\stm32f4xx_hal_spi.o
 .debug_abbrev  0x00000d40      0x324 Drivers\STM32F4xx_HAL_Driver\Src\stm32f4xx_hal_tim.o
 .debug_abbrev  0x00001064      0x29c Drivers\STM32F4xx_HAL_Driver\Src\stm32f4xx_hal_tim_ex.o
 .debug_abbrev  0x00001300      0x457 Middlewares\Third_Party\FreeRTOS\Source\CMSIS_RTOS\cmsis_os.o
 .debug_abbrev  0x00001757      0x1ea Middlewares\Third_Party\FreeRTOS\Source\list.o
 .debug_abbrev  0x00001941      0x23a Middlewares\Third_Party\FreeRTOS\Source\portable\GCC\ARM_CM4F\port.o
 .debug_abbrev  0x00001b7b      0x314 Middlewares\Third_Party\FreeRTOS\Source\portable\MemMang\heap_4.o
 .debug_abbrev  0x00001e8f      0x42a Middlewares\Third_Party\FreeRTOS\Source\tasks.o
 .debug_abbrev  0x000022b9      0x1b1 Src\AD5412Driver.o
 .debug_abbrev  0x0000246a      0x1b5 Src\freertos.o
 .debug_abbrev  0x0000261f      0x173 Src\gpio.o
 .debug_abbrev  0x00002792      0x227 Src\main.o
 .debug_abbrev  0x000029b9      0x1eb Src\spi.o
 .debug_abbrev  0x00002ba4      0x137 Src\stm32f4xx_hal_msp.o
 .debug_abbrev  0x00002cdb      0x1e7 Src\stm32f4xx_hal_timebase_tim.o
 .debug_abbrev  0x00002ec2      0x1a4 Src\stm32f4xx_it.o
 .debug_abbrev  0x00003066      0x10e Src\system_stm32f4xx.o
 .debug_abbrev  0x00003174       0x12 startup\startup_stm32f407xx.o

.debug_loc      0x00000000     0x8d2f
 .debug_loc     0x00000000      0x11b Drivers\STM32F4xx_HAL_Driver\Src\stm32f4xx_hal.o
 .debug_loc     0x0000011b      0x4fb Drivers\STM32F4xx_HAL_Driver\Src\stm32f4xx_hal_cortex.o
 .debug_loc     0x00000616      0x36d Drivers\STM32F4xx_HAL_Driver\Src\stm32f4xx_hal_gpio.o
 .debug_loc     0x00000983      0x336 Drivers\STM32F4xx_HAL_Driver\Src\stm32f4xx_hal_rcc.o
 .debug_loc     0x00000cb9     0x1830 Drivers\STM32F4xx_HAL_Driver\Src\stm32f4xx_hal_spi.o
 .debug_loc     0x000024e9     0x3009 Drivers\STM32F4xx_HAL_Driver\Src\stm32f4xx_hal_tim.o
 .debug_loc     0x000054f2      0xa7c Drivers\STM32F4xx_HAL_Driver\Src\stm32f4xx_hal_tim_ex.o
 .debug_loc     0x00005f6e     0x101b Middlewares\Third_Party\FreeRTOS\Source\CMSIS_RTOS\cmsis_os.o
 .debug_loc     0x00006f89       0x94 Middlewares\Third_Party\FreeRTOS\Source\list.o
 .debug_loc     0x0000701d       0xcf Middlewares\Third_Party\FreeRTOS\Source\portable\GCC\ARM_CM4F\port.o
 .debug_loc     0x000070ec      0x390 Middlewares\Third_Party\FreeRTOS\Source\portable\MemMang\heap_4.o
 .debug_loc     0x0000747c     0x146e Middlewares\Third_Party\FreeRTOS\Source\tasks.o
 .debug_loc     0x000088ea      0x1be Src\AD5412Driver.o
 .debug_loc     0x00008aa8       0x42 Src\freertos.o
 .debug_loc     0x00008aea       0x2c Src\main.o
 .debug_loc     0x00008b16       0x58 Src\spi.o
 .debug_loc     0x00008b6e       0xa5 Src\stm32f4xx_hal_timebase_tim.o
 .debug_loc     0x00008c13      0x11c Src\system_stm32f4xx.o

.debug_aranges  0x00000000      0xd70
 .debug_aranges
                0x00000000       0xe8 Drivers\STM32F4xx_HAL_Driver\Src\stm32f4xx_hal.o
 .debug_aranges
                0x000000e8       0xa8 Drivers\STM32F4xx_HAL_Driver\Src\stm32f4xx_hal_cortex.o
 .debug_aranges
                0x00000190       0x58 Drivers\STM32F4xx_HAL_Driver\Src\stm32f4xx_hal_gpio.o
 .debug_aranges
                0x000001e8       0x88 Drivers\STM32F4xx_HAL_Driver\Src\stm32f4xx_hal_rcc.o
 .debug_aranges
                0x00000270      0x188 Drivers\STM32F4xx_HAL_Driver\Src\stm32f4xx_hal_spi.o
 .debug_aranges
                0x000003f8      0x278 Drivers\STM32F4xx_HAL_Driver\Src\stm32f4xx_hal_tim.o
 .debug_aranges
                0x00000670       0xf8 Drivers\STM32F4xx_HAL_Driver\Src\stm32f4xx_hal_tim_ex.o
 .debug_aranges
                0x00000768      0x190 Middlewares\Third_Party\FreeRTOS\Source\CMSIS_RTOS\cmsis_os.o
 .debug_aranges
                0x000008f8       0x40 Middlewares\Third_Party\FreeRTOS\Source\list.o
 .debug_aranges
                0x00000938       0x80 Middlewares\Third_Party\FreeRTOS\Source\portable\GCC\ARM_CM4F\port.o
 .debug_aranges
                0x000009b8       0x48 Middlewares\Third_Party\FreeRTOS\Source\portable\MemMang\heap_4.o
 .debug_aranges
                0x00000a00      0x198 Middlewares\Third_Party\FreeRTOS\Source\tasks.o
 .debug_aranges
                0x00000b98       0x30 Src\AD5412Driver.o
 .debug_aranges
                0x00000bc8       0x38 Src\freertos.o
 .debug_aranges
                0x00000c00       0x20 Src\gpio.o
 .debug_aranges
                0x00000c20       0x38 Src\main.o
 .debug_aranges
                0x00000c58       0x30 Src\spi.o
 .debug_aranges
                0x00000c88       0x20 Src\stm32f4xx_hal_msp.o
 .debug_aranges
                0x00000ca8       0x30 Src\stm32f4xx_hal_timebase_tim.o
 .debug_aranges
                0x00000cd8       0x48 Src\stm32f4xx_it.o
 .debug_aranges
                0x00000d20       0x28 Src\system_stm32f4xx.o
 .debug_aranges
                0x00000d48       0x28 startup\startup_stm32f407xx.o

.debug_ranges   0x00000000      0xff0
 .debug_ranges  0x00000000       0xd8 Drivers\STM32F4xx_HAL_Driver\Src\stm32f4xx_hal.o
 .debug_ranges  0x000000d8      0x128 Drivers\STM32F4xx_HAL_Driver\Src\stm32f4xx_hal_cortex.o
 .debug_ranges  0x00000200       0x68 Drivers\STM32F4xx_HAL_Driver\Src\stm32f4xx_hal_gpio.o
 .debug_ranges  0x00000268       0xb0 Drivers\STM32F4xx_HAL_Driver\Src\stm32f4xx_hal_rcc.o
 .debug_ranges  0x00000318      0x238 Drivers\STM32F4xx_HAL_Driver\Src\stm32f4xx_hal_spi.o
 .debug_ranges  0x00000550      0x340 Drivers\STM32F4xx_HAL_Driver\Src\stm32f4xx_hal_tim.o
 .debug_ranges  0x00000890       0xe8 Drivers\STM32F4xx_HAL_Driver\Src\stm32f4xx_hal_tim_ex.o
 .debug_ranges  0x00000978      0x180 Middlewares\Third_Party\FreeRTOS\Source\CMSIS_RTOS\cmsis_os.o
 .debug_ranges  0x00000af8       0x30 Middlewares\Third_Party\FreeRTOS\Source\list.o
 .debug_ranges  0x00000b28       0x70 Middlewares\Third_Party\FreeRTOS\Source\portable\GCC\ARM_CM4F\port.o
 .debug_ranges  0x00000b98       0x38 Middlewares\Third_Party\FreeRTOS\Source\portable\MemMang\heap_4.o
 .debug_ranges  0x00000bd0      0x248 Middlewares\Third_Party\FreeRTOS\Source\tasks.o
 .debug_ranges  0x00000e18       0x20 Src\AD5412Driver.o
 .debug_ranges  0x00000e38       0x28 Src\freertos.o
 .debug_ranges  0x00000e60       0x40 Src\gpio.o
 .debug_ranges  0x00000ea0       0x40 Src\main.o
 .debug_ranges  0x00000ee0       0x38 Src\spi.o
 .debug_ranges  0x00000f18       0x28 Src\stm32f4xx_hal_msp.o
 .debug_ranges  0x00000f40       0x40 Src\stm32f4xx_hal_timebase_tim.o
 .debug_ranges  0x00000f80       0x38 Src\stm32f4xx_it.o
 .debug_ranges  0x00000fb8       0x18 Src\system_stm32f4xx.o
 .debug_ranges  0x00000fd0       0x20 startup\startup_stm32f407xx.o

.debug_line     0x00000000     0x6bea
 .debug_line    0x00000000      0x41b Drivers\STM32F4xx_HAL_Driver\Src\stm32f4xx_hal.o
 .debug_line    0x0000041b      0x456 Drivers\STM32F4xx_HAL_Driver\Src\stm32f4xx_hal_cortex.o
 .debug_line    0x00000871      0x3e4 Drivers\STM32F4xx_HAL_Driver\Src\stm32f4xx_hal_gpio.o
 .debug_line    0x00000c55      0x4f4 Drivers\STM32F4xx_HAL_Driver\Src\stm32f4xx_hal_rcc.o
 .debug_line    0x00001149      0xb7b Drivers\STM32F4xx_HAL_Driver\Src\stm32f4xx_hal_spi.o
 .debug_line    0x00001cc4     0x1183 Drivers\STM32F4xx_HAL_Driver\Src\stm32f4xx_hal_tim.o
 .debug_line    0x00002e47      0x67d Drivers\STM32F4xx_HAL_Driver\Src\stm32f4xx_hal_tim_ex.o
 .debug_line    0x000034c4      0x8f8 Middlewares\Third_Party\FreeRTOS\Source\CMSIS_RTOS\cmsis_os.o
 .debug_line    0x00003dbc      0x367 Middlewares\Third_Party\FreeRTOS\Source\list.o
 .debug_line    0x00004123      0x36b Middlewares\Third_Party\FreeRTOS\Source\portable\GCC\ARM_CM4F\port.o
 .debug_line    0x0000448e      0x415 Middlewares\Third_Party\FreeRTOS\Source\portable\MemMang\heap_4.o
 .debug_line    0x000048a3      0xc77 Middlewares\Third_Party\FreeRTOS\Source\tasks.o
 .debug_line    0x0000551a      0x267 Src\AD5412Driver.o
 .debug_line    0x00005781      0x363 Src\freertos.o
 .debug_line    0x00005ae4      0x22f Src\gpio.o
 .debug_line    0x00005d13      0x31c Src\main.o
 .debug_line    0x0000602f      0x27f Src\spi.o
 .debug_line    0x000062ae      0x1ef Src\stm32f4xx_hal_msp.o
 .debug_line    0x0000649d      0x290 Src\stm32f4xx_hal_timebase_tim.o
 .debug_line    0x0000672d      0x260 Src\stm32f4xx_it.o
 .debug_line    0x0000698d      0x1de Src\system_stm32f4xx.o
 .debug_line    0x00006b6b       0x7f startup\startup_stm32f407xx.o

.debug_str      0x00000000     0x55f5
 .debug_str     0x00000000      0xb6b Drivers\STM32F4xx_HAL_Driver\Src\stm32f4xx_hal.o
                                0xbd4 (size before relaxing)
 .debug_str     0x00000b6b      0x498 Drivers\STM32F4xx_HAL_Driver\Src\stm32f4xx_hal_cortex.o
                                0xc9f (size before relaxing)
 .debug_str     0x00001003      0x1de Drivers\STM32F4xx_HAL_Driver\Src\stm32f4xx_hal_gpio.o
                                0x565 (size before relaxing)
 .debug_str     0x000011e1      0x2e9 Drivers\STM32F4xx_HAL_Driver\Src\stm32f4xx_hal_rcc.o
                                0x738 (size before relaxing)
 .debug_str     0x000014ca      0x946 Drivers\STM32F4xx_HAL_Driver\Src\stm32f4xx_hal_spi.o
                                0xc4e (size before relaxing)
 .debug_str     0x00001e10      0xff0 Drivers\STM32F4xx_HAL_Driver\Src\stm32f4xx_hal_tim.o
                               0x1542 (size before relaxing)
 .debug_str     0x00002e00      0x548 Drivers\STM32F4xx_HAL_Driver\Src\stm32f4xx_hal_tim_ex.o
                                0xd5a (size before relaxing)
 .debug_str     0x00003348     0x1152 Middlewares\Third_Party\FreeRTOS\Source\CMSIS_RTOS\cmsis_os.o
                               0x1469 (size before relaxing)
 .debug_str     0x0000449a      0x143 Middlewares\Third_Party\FreeRTOS\Source\list.o
                                0x772 (size before relaxing)
 .debug_str     0x000045dd      0x239 Middlewares\Third_Party\FreeRTOS\Source\portable\GCC\ARM_CM4F\port.o
                                0x4b8 (size before relaxing)
 .debug_str     0x00004816      0x1e8 Middlewares\Third_Party\FreeRTOS\Source\portable\MemMang\heap_4.o
                                0x85b (size before relaxing)
 .debug_str     0x000049fe      0x8f9 Middlewares\Third_Party\FreeRTOS\Source\tasks.o
                               0x1446 (size before relaxing)
 .debug_str     0x000052f7       0x61 Src\AD5412Driver.o
                                0x2ff (size before relaxing)
 .debug_str     0x00005358       0xd9 Src\freertos.o
                                0x5a6 (size before relaxing)
 .debug_str     0x00005431       0x22 Src\gpio.o
                                0x405 (size before relaxing)
 .debug_str     0x00005453       0x47 Src\main.o
                                0xb52 (size before relaxing)
 .debug_str     0x0000549a       0x17 Src\spi.o
                                0x87c (size before relaxing)
 .debug_str     0x000054b1       0x1b Src\stm32f4xx_hal_msp.o
                                0x850 (size before relaxing)
 .debug_str     0x000054cc       0x50 Src\stm32f4xx_hal_timebase_tim.o
                                0xdd0 (size before relaxing)
 .debug_str     0x0000551c       0x94 Src\stm32f4xx_it.o
                                0x6f4 (size before relaxing)
 .debug_str     0x000055b0       0x45 Src\system_stm32f4xx.o
                                0x3c9 (size before relaxing)

.comment        0x00000000       0x7c
 .comment       0x00000000       0x7c Drivers\STM32F4xx_HAL_Driver\Src\stm32f4xx_hal.o
                                 0x7d (size before relaxing)
 .comment       0x0000007c       0x7d Drivers\STM32F4xx_HAL_Driver\Src\stm32f4xx_hal_cortex.o
 .comment       0x0000007c       0x7d Drivers\STM32F4xx_HAL_Driver\Src\stm32f4xx_hal_gpio.o
 .comment       0x0000007c       0x7d Drivers\STM32F4xx_HAL_Driver\Src\stm32f4xx_hal_rcc.o
 .comment       0x0000007c       0x7d Drivers\STM32F4xx_HAL_Driver\Src\stm32f4xx_hal_spi.o
 .comment       0x0000007c       0x7d Drivers\STM32F4xx_HAL_Driver\Src\stm32f4xx_hal_tim.o
 .comment       0x0000007c       0x7d Drivers\STM32F4xx_HAL_Driver\Src\stm32f4xx_hal_tim_ex.o
 .comment       0x0000007c       0x7d Middlewares\Third_Party\FreeRTOS\Source\CMSIS_RTOS\cmsis_os.o
 .comment       0x0000007c       0x7d Middlewares\Third_Party\FreeRTOS\Source\list.o
 .comment       0x0000007c       0x7d Middlewares\Third_Party\FreeRTOS\Source\portable\GCC\ARM_CM4F\port.o
 .comment       0x0000007c       0x7d Middlewares\Third_Party\FreeRTOS\Source\portable\MemMang\heap_4.o
 .comment       0x0000007c       0x7d Middlewares\Third_Party\FreeRTOS\Source\tasks.o
 .comment       0x0000007c       0x7d Src\AD5412Driver.o
 .comment       0x0000007c       0x7d Src\freertos.o
 .comment       0x0000007c       0x7d Src\gpio.o
 .comment       0x0000007c       0x7d Src\main.o
 .comment       0x0000007c       0x7d Src\spi.o
 .comment       0x0000007c       0x7d Src\stm32f4xx_hal_msp.o
 .comment       0x0000007c       0x7d Src\stm32f4xx_hal_timebase_tim.o
 .comment       0x0000007c       0x7d Src\stm32f4xx_it.o
 .comment       0x0000007c       0x7d Src\system_stm32f4xx.o

.debug_frame    0x00000000     0x276c
 .debug_frame   0x00000000      0x1f0 Drivers\STM32F4xx_HAL_Driver\Src\stm32f4xx_hal.o
 .debug_frame   0x000001f0      0x158 Drivers\STM32F4xx_HAL_Driver\Src\stm32f4xx_hal_cortex.o
 .debug_frame   0x00000348       0xd8 Drivers\STM32F4xx_HAL_Driver\Src\stm32f4xx_hal_gpio.o
 .debug_frame   0x00000420      0x13c Drivers\STM32F4xx_HAL_Driver\Src\stm32f4xx_hal_rcc.o
 .debug_frame   0x0000055c      0x574 Drivers\STM32F4xx_HAL_Driver\Src\stm32f4xx_hal_spi.o
 .debug_frame   0x00000ad0      0x928 Drivers\STM32F4xx_HAL_Driver\Src\stm32f4xx_hal_tim.o
 .debug_frame   0x000013f8      0x360 Drivers\STM32F4xx_HAL_Driver\Src\stm32f4xx_hal_tim_ex.o
 .debug_frame   0x00001758      0x4f4 Middlewares\Third_Party\FreeRTOS\Source\CMSIS_RTOS\cmsis_os.o
 .debug_frame   0x00001c4c       0x6c Middlewares\Third_Party\FreeRTOS\Source\list.o
 .debug_frame   0x00001cb8       0xfc Middlewares\Third_Party\FreeRTOS\Source\portable\GCC\ARM_CM4F\port.o
 .debug_frame   0x00001db4       0x98 Middlewares\Third_Party\FreeRTOS\Source\portable\MemMang\heap_4.o
 .debug_frame   0x00001e4c      0x54c Middlewares\Third_Party\FreeRTOS\Source\tasks.o
 .debug_frame   0x00002398       0x80 Src\AD5412Driver.o
 .debug_frame   0x00002418       0x74 Src\freertos.o
 .debug_frame   0x0000248c       0x38 Src\gpio.o
 .debug_frame   0x000024c4       0x68 Src\main.o
 .debug_frame   0x0000252c       0x60 Src\spi.o
 .debug_frame   0x0000258c       0x28 Src\stm32f4xx_hal_msp.o
 .debug_frame   0x000025b4       0x54 Src\stm32f4xx_hal_timebase_tim.o
 .debug_frame   0x00002608       0x80 Src\stm32f4xx_it.o
 .debug_frame   0x00002688       0x38 Src\system_stm32f4xx.o
 .debug_frame   0x000026c0       0x2c c:/program files (x86)/atollic/truestudio for stm32 9.3.0/armtools/bin/../lib/gcc/arm-atollic-eabi/6.3.1/../../../../arm-atollic-eabi/lib/armv7e-m/fpu\libc_nano.a(lib_a-init.o)
 .debug_frame   0x000026ec       0x20 c:/program files (x86)/atollic/truestudio for stm32 9.3.0/armtools/bin/../lib/gcc/arm-atollic-eabi/6.3.1/../../../../arm-atollic-eabi/lib/armv7e-m/fpu\libc_nano.a(lib_a-memset.o)
 .debug_frame   0x0000270c       0x2c c:/program files (x86)/atollic/truestudio for stm32 9.3.0/armtools/bin/../lib/gcc/arm-atollic-eabi/6.3.1/armv7e-m/fpu\libgcc.a(_aeabi_uldivmod.o)
 .debug_frame   0x00002738       0x34 c:/program files (x86)/atollic/truestudio for stm32 9.3.0/armtools/bin/../lib/gcc/arm-atollic-eabi/6.3.1/armv7e-m/fpu\libgcc.a(_udivmoddi4.o)
