Archive member included to satisfy reference by file (symbol)

c:/program files (x86)/atollic/truestudio for stm32 9.3.0/armtools/bin/../lib/gcc/arm-atollic-eabi/6.3.1/../../../../arm-atollic-eabi/lib/armv7e-m/fpu\libc_nano.a(lib_a-errno.o)
                              Src\syscalls.o (__errno)
c:/program files (x86)/atollic/truestudio for stm32 9.3.0/armtools/bin/../lib/gcc/arm-atollic-eabi/6.3.1/../../../../arm-atollic-eabi/lib/armv7e-m/fpu\libc_nano.a(lib_a-impure.o)
                              c:/program files (x86)/atollic/truestudio for stm32 9.3.0/armtools/bin/../lib/gcc/arm-atollic-eabi/6.3.1/../../../../arm-atollic-eabi/lib/armv7e-m/fpu\libc_nano.a(lib_a-errno.o) (_impure_ptr)
c:/program files (x86)/atollic/truestudio for stm32 9.3.0/armtools/bin/../lib/gcc/arm-atollic-eabi/6.3.1/../../../../arm-atollic-eabi/lib/armv7e-m/fpu\libc_nano.a(lib_a-init.o)
                              startup\startup_stm32f407xx.o (__libc_init_array)
c:/program files (x86)/atollic/truestudio for stm32 9.3.0/armtools/bin/../lib/gcc/arm-atollic-eabi/6.3.1/../../../../arm-atollic-eabi/lib/armv7e-m/fpu\libc_nano.a(lib_a-memcpy-stub.o)
                              Middlewares\Third_Party\FreeRTOS\Source\queue.o (memcpy)
c:/program files (x86)/atollic/truestudio for stm32 9.3.0/armtools/bin/../lib/gcc/arm-atollic-eabi/6.3.1/../../../../arm-atollic-eabi/lib/armv7e-m/fpu\libc_nano.a(lib_a-memset.o)
                              Middlewares\Third_Party\FreeRTOS\Source\stream_buffer.o (memset)
c:/program files (x86)/atollic/truestudio for stm32 9.3.0/armtools/bin/../lib/gcc/arm-atollic-eabi/6.3.1/armv7e-m/fpu\libgcc.a(_aeabi_uldivmod.o)
                              Drivers\STM32F4xx_HAL_Driver\Src\stm32f4xx_hal_rcc.o (__aeabi_uldivmod)
c:/program files (x86)/atollic/truestudio for stm32 9.3.0/armtools/bin/../lib/gcc/arm-atollic-eabi/6.3.1/armv7e-m/fpu\libgcc.a(_udivmoddi4.o)
                              c:/program files (x86)/atollic/truestudio for stm32 9.3.0/armtools/bin/../lib/gcc/arm-atollic-eabi/6.3.1/armv7e-m/fpu\libgcc.a(_aeabi_uldivmod.o) (__udivmoddi4)
c:/program files (x86)/atollic/truestudio for stm32 9.3.0/armtools/bin/../lib/gcc/arm-atollic-eabi/6.3.1/armv7e-m/fpu\libgcc.a(_dvmd_tls.o)
                              c:/program files (x86)/atollic/truestudio for stm32 9.3.0/armtools/bin/../lib/gcc/arm-atollic-eabi/6.3.1/armv7e-m/fpu\libgcc.a(_aeabi_uldivmod.o) (__aeabi_ldiv0)

Allocating common symbols
Common symbol       size              file

uwTick              0x4               Drivers\STM32F4xx_HAL_Driver\Src\stm32f4xx_hal.o
xQueueRegistry      0x40              Middlewares\Third_Party\FreeRTOS\Source\queue.o
pFlash              0x20              Drivers\STM32F4xx_HAL_Driver\Src\stm32f4xx_hal_flash.o
Task1Handle         0x4               Src\freertos.o
htim1               0x40              Src\stm32f4xx_hal_timebase_tim.o
Task2Handle         0x4               Src\freertos.o
hspi1               0x58              Src\spi.o

Discarded input sections

 .text          0x00000000        0x0 c:/program files (x86)/atollic/truestudio for stm32 9.3.0/armtools/bin/../lib/gcc/arm-atollic-eabi/6.3.1/armv7e-m/fpu/crti.o
 .data          0x00000000        0x0 c:/program files (x86)/atollic/truestudio for stm32 9.3.0/armtools/bin/../lib/gcc/arm-atollic-eabi/6.3.1/armv7e-m/fpu/crti.o
 .bss           0x00000000        0x0 c:/program files (x86)/atollic/truestudio for stm32 9.3.0/armtools/bin/../lib/gcc/arm-atollic-eabi/6.3.1/armv7e-m/fpu/crti.o
 .data          0x00000000        0x4 c:/program files (x86)/atollic/truestudio for stm32 9.3.0/armtools/bin/../lib/gcc/arm-atollic-eabi/6.3.1/armv7e-m/fpu/crtbegin.o
 .text          0x00000000        0x0 Drivers\STM32F4xx_HAL_Driver\Src\stm32f4xx_hal.o
 .data          0x00000000        0x0 Drivers\STM32F4xx_HAL_Driver\Src\stm32f4xx_hal.o
 .bss           0x00000000        0x0 Drivers\STM32F4xx_HAL_Driver\Src\stm32f4xx_hal.o
 .text.HAL_MspInit
                0x00000000        0x2 Drivers\STM32F4xx_HAL_Driver\Src\stm32f4xx_hal.o
 .text.HAL_MspDeInit
                0x00000000        0x2 Drivers\STM32F4xx_HAL_Driver\Src\stm32f4xx_hal.o
 .text.HAL_DeInit
                0x00000000       0x2c Drivers\STM32F4xx_HAL_Driver\Src\stm32f4xx_hal.o
 .text.HAL_InitTick
                0x00000000       0x4c Drivers\STM32F4xx_HAL_Driver\Src\stm32f4xx_hal.o
 .text.HAL_GetTickPrio
                0x00000000        0xc Drivers\STM32F4xx_HAL_Driver\Src\stm32f4xx_hal.o
 .text.HAL_SetTickFreq
                0x00000000       0x24 Drivers\STM32F4xx_HAL_Driver\Src\stm32f4xx_hal.o
 .text.HAL_GetTickFreq
                0x00000000        0xc Drivers\STM32F4xx_HAL_Driver\Src\stm32f4xx_hal.o
 .text.HAL_Delay
                0x00000000       0x28 Drivers\STM32F4xx_HAL_Driver\Src\stm32f4xx_hal.o
 .text.HAL_SuspendTick
                0x00000000       0x10 Drivers\STM32F4xx_HAL_Driver\Src\stm32f4xx_hal.o
 .text.HAL_ResumeTick
                0x00000000       0x10 Drivers\STM32F4xx_HAL_Driver\Src\stm32f4xx_hal.o
[...]
Memory Configuration

Name             Origin             Length             Attributes
RAM              0x20000000         0x00020000         xrw
CCMRAM           0x10000000         0x00010000         rw
FLASH            0x08000000         0x00100000         xr
*default*        0x00000000         0xffffffff

Linker script and memory map

LOAD c:/program files (x86)/atollic/truestudio for stm32 9.3.0/armtools/bin/../lib/gcc/arm-atollic-eabi/6.3.1/armv7e-m/fpu/crti.o
LOAD c:/program files (x86)/atollic/truestudio for stm32 9.3.0/armtools/bin/../lib/gcc/arm-atollic-eabi/6.3.1/armv7e-m/fpu/crtbegin.o
LOAD Drivers\STM32F4xx_HAL_Driver\Src\stm32f4xx_hal.o
LOAD Drivers\STM32F4xx_HAL_Driver\Src\stm32f4xx_hal_cortex.o
LOAD Drivers\STM32F4xx_HAL_Driver\Src\stm32f4xx_hal_dma.o
LOAD Drivers\STM32F4xx_HAL_Driver\Src\stm32f4xx_hal_dma_ex.o
LOAD Drivers\STM32F4xx_HAL_Driver\Src\stm32f4xx_hal_exti.o
LOAD Drivers\STM32F4xx_HAL_Driver\Src\stm32f4xx_hal_flash.o
LOAD Drivers\STM32F4xx_HAL_Driver\Src\stm32f4xx_hal_flash_ex.o
LOAD Drivers\STM32F4xx_HAL_Driver\Src\stm32f4xx_hal_flash_ramfunc.o
LOAD Drivers\STM32F4xx_HAL_Driver\Src\stm32f4xx_hal_gpio.o
LOAD Drivers\STM32F4xx_HAL_Driver\Src\stm32f4xx_hal_pwr.o
LOAD Drivers\STM32F4xx_HAL_Driver\Src\stm32f4xx_hal_pwr_ex.o
LOAD Drivers\STM32F4xx_HAL_Driver\Src\stm32f4xx_hal_rcc.o
LOAD Drivers\STM32F4xx_HAL_Driver\Src\stm32f4xx_hal_rcc_ex.o
LOAD Drivers\STM32F4xx_HAL_Driver\Src\stm32f4xx_hal_spi.o
LOAD Drivers\STM32F4xx_HAL_Driver\Src\stm32f4xx_hal_tim.o
LOAD Drivers\STM32F4xx_HAL_Driver\Src\stm32f4xx_hal_tim_ex.o
LOAD Middlewares\Third_Party\FreeRTOS\Source\CMSIS_RTOS\cmsis_os.o
LOAD Middlewares\Third_Party\FreeRTOS\Source\croutine.o
LOAD Middlewares\Third_Party\FreeRTOS\Source\event_groups.o
LOAD Middlewares\Third_Party\FreeRTOS\Source\list.o
LOAD Middlewares\Third_Party\FreeRTOS\Source\portable\GCC\ARM_CM4F\port.o
LOAD Middlewares\Third_Party\FreeRTOS\Source\portable\MemMang\heap_4.o
LOAD Middlewares\Third_Party\FreeRTOS\Source\queue.o
LOAD Middlewares\Third_Party\FreeRTOS\Source\stream_buffer.o
LOAD Middlewares\Third_Party\FreeRTOS\Source\tasks.o
LOAD Middlewares\Third_Party\FreeRTOS\Source\timers.o
LOAD PriSrc\AD5412Deiver.o
LOAD Src\freertos.o
LOAD Src\gpio.o
LOAD Src\main.o
LOAD Src\spi.o
LOAD Src\stm32f4xx_hal_msp.o
LOAD Src\stm32f4xx_hal_timebase_tim.o
LOAD Src\stm32f4xx_it.o
LOAD Src\syscalls.o
LOAD Src\system_stm32f4xx.o
LOAD startup\startup_stm32f407xx.o
                0x00000080                malloc_getpagesize_P = 0x80
START GROUP
LOAD c:/program files (x86)/atollic/truestudio for stm32 9.3.0/armtools/bin/../lib/gcc/arm-atollic-eabi/6.3.1/../../../../arm-atollic-eabi/lib/armv7e-m/fpu\libc_nano.a
LOAD c:/program files (x86)/atollic/truestudio for stm32 9.3.0/armtools/bin/../lib/gcc/arm-atollic-eabi/6.3.1/../../../../arm-atollic-eabi/lib/armv7e-m/fpu\libm.a
END GROUP
START GROUP
LOAD c:/program files (x86)/atollic/truestudio for stm32 9.3.0/armtools/bin/../lib/gcc/arm-atollic-eabi/6.3.1/armv7e-m/fpu\libgcc.a
LOAD c:/program files (x86)/atollic/truestudio for stm32 9.3.0/armtools/bin/../lib/gcc/arm-atollic-eabi/6.3.1/../../../../arm-atollic-eabi/lib/armv7e-m/fpu\libc_nano.a
END GROUP
START GROUP
LOAD c:/program files (x86)/atollic/truestudio for stm32 9.3.0/armtools/bin/../lib/gcc/arm-atollic-eabi/6.3.1/armv7e-m/fpu\libgcc.a
LOAD c:/program files (x86)/atollic/truestudio for stm32 9.3.0/armtools/bin/../lib/gcc/arm-atollic-eabi/6.3.1/../../../../arm-atollic-eabi/lib/armv7e-m/fpu\libc_nano.a
LOAD c:/program files (x86)/atollic/truestudio for stm32 9.3.0/armtools/bin/../lib/gcc/arm-atollic-eabi/6.3.1/../../../../arm-atollic-eabi/lib/armv7e-m/fpu\libnosys.a
END GROUP
START GROUP
LOAD c:/program files (x86)/atollic/truestudio for stm32 9.3.0/armtools/bin/../lib/gcc/arm-atollic-eabi/6.3.1/armv7e-m/fpu\libgcc.a
LOAD c:/program files (x86)/atollic/truestudio for stm32 9.3.0/armtools/bin/../lib/gcc/arm-atollic-eabi/6.3.1/../../../../arm-atollic-eabi/lib/armv7e-m/fpu\libc_nano.a
LOAD c:/program files (x86)/atollic/truestudio for stm32 9.3.0/armtools/bin/../lib/gcc/arm-atollic-eabi/6.3.1/../../../../arm-atollic-eabi/lib/armv7e-m/fpu\libnosys.a
END GROUP
LOAD c:/program files (x86)/atollic/truestudio for stm32 9.3.0/armtools/bin/../lib/gcc/arm-atollic-eabi/6.3.1/armv7e-m/fpu/crtend.o
LOAD c:/program files (x86)/atollic/truestudio for stm32 9.3.0/armtools/bin/../lib/gcc/arm-atollic-eabi/6.3.1/armv7e-m/fpu/crtn.o
                0x20020000                _estack = 0x20020000
                0x00000200                _Min_Heap_Size = 0x200
                0x00000400                _Min_Stack_Size = 0x400

.isr_vector     0x08000000      0x188
                0x08000000                . = ALIGN (0x4)
 *(.isr_vector)
 .isr_vector    0x08000000      0x188 startup\startup_stm32f407xx.o
                0x08000000                g_pfnVectors
                0x08000188                . = ALIGN (0x4)

.text           0x08000190     0x23a0
                0x08000190                . = ALIGN (0x4)
 *(.text)
 .text          0x08000190       0x40 c:/program files (x86)/atollic/truestudio for stm32 9.3.0/armtools/bin/../lib/gcc/arm-atollic-eabi/6.3.1/armv7e-m/fpu/crtbegin.o
 .text          0x080001d0       0x30 c:/program files (x86)/atollic/truestudio for stm32 9.3.0/armtools/bin/../lib/gcc/arm-atollic-eabi/6.3.1/armv7e-m/fpu\libgcc.a(_aeabi_uldivmod.o)
                0x080001d0                __aeabi_uldivmod
 .text          0x08000200      0x2dc c:/program files (x86)/atollic/truestudio for stm32 9.3.0/armtools/bin/../lib/gcc/arm-atollic-eabi/6.3.1/armv7e-m/fpu\libgcc.a(_udivmoddi4.o)
                0x08000200                __udivmoddi4
 .text          0x080004dc        0x4 c:/program files (x86)/atollic/truestudio for stm32 9.3.0/armtools/bin/../lib/gcc/arm-atollic-eabi/6.3.1/armv7e-m/fpu\libgcc.a(_dvmd_tls.o)
                0x080004dc                __aeabi_idiv0
                0x080004dc                __aeabi_ldiv0
 *(.text*)
 .text.HAL_Init
                0x080004e0       0x34 Drivers\STM32F4xx_HAL_Driver\Src\stm32f4xx_hal.o
                0x080004e0                HAL_Init
 .text.HAL_IncTick
                0x08000514       0x18 Drivers\STM32F4xx_HAL_Driver\Src\stm32f4xx_hal.o
                0x08000514                HAL_IncTick
 .text.HAL_GetTick
                0x0800052c        0xc Drivers\STM32F4xx_HAL_Driver\Src\stm32f4xx_hal.o
                0x0800052c                HAL_GetTick
 .text.HAL_NVIC_SetPriorityGrouping
                0x08000538       0x24 Drivers\STM32F4xx_HAL_Driver\Src\stm32f4xx_hal_cortex.o
                0x08000538                HAL_NVIC_SetPriorityGrouping
 .text.HAL_NVIC_SetPriority
                0x0800055c       0x64 Drivers\STM32F4xx_HAL_Driver\Src\stm32f4xx_hal_cortex.o
                0x0800055c                HAL_NVIC_SetPriority
 .text.HAL_NVIC_EnableIRQ
                0x080005c0       0x1c Drivers\STM32F4xx_HAL_Driver\Src\stm32f4xx_hal_cortex.o
                0x080005c0                HAL_NVIC_EnableIRQ
 .text.HAL_GPIO_Init
                0x080005dc      0x1cc Drivers\STM32F4xx_HAL_Driver\Src\stm32f4xx_hal_gpio.o
                0x080005dc                HAL_GPIO_Init
 .text.HAL_GPIO_WritePin
                0x080007a8        0xc Drivers\STM32F4xx_HAL_Driver\Src\stm32f4xx_hal_gpio.o
                0x080007a8                HAL_GPIO_WritePin
 .text.HAL_GPIO_TogglePin
                0x080007b4       0x12 Drivers\STM32F4xx_HAL_Driver\Src\stm32f4xx_hal_gpio.o
                0x080007b4                HAL_GPIO_TogglePin
 *fill*         0x080007c6        0x2 
 .text.HAL_RCC_OscConfig
                0x080007c8      0x398 Drivers\STM32F4xx_HAL_Driver\Src\stm32f4xx_hal_rcc.o
                0x080007c8                HAL_RCC_OscConfig
 .text.HAL_RCC_GetSysClockFreq
                0x08000b60       0xd4 Drivers\STM32F4xx_HAL_Driver\Src\stm32f4xx_hal_rcc.o
                0x08000b60                HAL_RCC_GetSysClockFreq
 .text.HAL_RCC_ClockConfig
                0x08000c34      0x158 Drivers\STM32F4xx_HAL_Driver\Src\stm32f4xx_hal_rcc.o
                0x08000c34                HAL_RCC_ClockConfig
 .text.HAL_RCC_GetHCLKFreq
                0x08000d8c        0xc Drivers\STM32F4xx_HAL_Driver\Src\stm32f4xx_hal_rcc.o
                0x08000d8c                HAL_RCC_GetHCLKFreq
 .text.HAL_RCC_GetPCLK2Freq
                0x08000d98       0x20 Drivers\STM32F4xx_HAL_Driver\Src\stm32f4xx_hal_rcc.o
                0x08000d98                HAL_RCC_GetPCLK2Freq
 .text.HAL_RCC_GetClockConfig
                0x08000db8       0x3c Drivers\STM32F4xx_HAL_Driver\Src\stm32f4xx_hal_rcc.o
                0x08000db8                HAL_RCC_GetClockConfig
 .text.HAL_SPI_Init
                0x08000df4       0x80 Drivers\STM32F4xx_HAL_Driver\Src\stm32f4xx_hal_spi.o
                0x08000df4                HAL_SPI_Init
 .text.HAL_TIM_Base_MspInit
                0x08000e74        0x2 Drivers\STM32F4xx_HAL_Driver\Src\stm32f4xx_hal_tim.o
                0x08000e74                HAL_TIM_Base_MspInit
 .text.HAL_TIM_Base_Start_IT
                0x08000e76       0x22 Drivers\STM32F4xx_HAL_Driver\Src\stm32f4xx_hal_tim.o
                0x08000e76                HAL_TIM_Base_Start_IT
 .text.HAL_TIM_OC_DelayElapsedCallback
                0x08000e98        0x2 Drivers\STM32F4xx_HAL_Driver\Src\stm32f4xx_hal_tim.o
                0x08000e98                HAL_TIM_OC_DelayElapsedCallback
 .text.HAL_TIM_IC_CaptureCallback
                0x08000e9a        0x2 Drivers\STM32F4xx_HAL_Driver\Src\stm32f4xx_hal_tim.o
                0x08000e9a                HAL_TIM_IC_CaptureCallback
 .text.HAL_TIM_PWM_PulseFinishedCallback
                0x08000e9c        0x2 Drivers\STM32F4xx_HAL_Driver\Src\stm32f4xx_hal_tim.o
                0x08000e9c                HAL_TIM_PWM_PulseFinishedCallback
 .text.HAL_TIM_TriggerCallback
                0x08000e9e        0x2 Drivers\STM32F4xx_HAL_Driver\Src\stm32f4xx_hal_tim.o
                0x08000e9e                HAL_TIM_TriggerCallback
 .text.HAL_TIM_IRQHandler
                0x08000ea0      0x17a Drivers\STM32F4xx_HAL_Driver\Src\stm32f4xx_hal_tim.o
                0x08000ea0                HAL_TIM_IRQHandler
 *fill*         0x0800101a        0x2 
 .text.TIM_Base_SetConfig
                0x0800101c       0xcc Drivers\STM32F4xx_HAL_Driver\Src\stm32f4xx_hal_tim.o
                0x0800101c                TIM_Base_SetConfig
 .text.HAL_TIM_Base_Init
                0x080010e8       0x32 Drivers\STM32F4xx_HAL_Driver\Src\stm32f4xx_hal_tim.o
                0x080010e8                HAL_TIM_Base_Init
 .text.HAL_TIMEx_CommutCallback
                0x0800111a        0x2 Drivers\STM32F4xx_HAL_Driver\Src\stm32f4xx_hal_tim_ex.o
                0x0800111a                HAL_TIMEx_CommutCallback
 .text.HAL_TIMEx_BreakCallback
                0x0800111c        0x2 Drivers\STM32F4xx_HAL_Driver\Src\stm32f4xx_hal_tim_ex.o
                0x0800111c                HAL_TIMEx_BreakCallback
 .text.makeFreeRtosPriority
                0x0800111e        0xc Middlewares\Third_Party\FreeRTOS\Source\CMSIS_RTOS\cmsis_os.o
 .text.osKernelStart
                0x0800112a        0xa Middlewares\Third_Party\FreeRTOS\Source\CMSIS_RTOS\cmsis_os.o
                0x0800112a                osKernelStart
 .text.osThreadCreate
                0x08001134       0x6a Middlewares\Third_Party\FreeRTOS\Source\CMSIS_RTOS\cmsis_os.o
                0x08001134                osThreadCreate
 .text.osDelay  0x0800119e       0x12 Middlewares\Third_Party\FreeRTOS\Source\CMSIS_RTOS\cmsis_os.o
                0x0800119e                osDelay
 .text.vListInitialise
                0x080011b0       0x16 Middlewares\Third_Party\FreeRTOS\Source\list.o
                0x080011b0                vListInitialise
 .text.vListInitialiseItem
                0x080011c6        0x6 Middlewares\Third_Party\FreeRTOS\Source\list.o
                0x080011c6                vListInitialiseItem
 .text.vListInsertEnd
                0x080011cc       0x18 Middlewares\Third_Party\FreeRTOS\Source\list.o
                0x080011cc                vListInsertEnd
 .text.vListInsert
                0x080011e4       0x34 Middlewares\Third_Party\FreeRTOS\Source\list.o
                0x080011e4                vListInsert
 .text.uxListRemove
                0x08001218       0x28 Middlewares\Third_Party\FreeRTOS\Source\list.o
                0x08001218                uxListRemove
 .text.prvTaskExitError
                0x08001240       0x40 Middlewares\Third_Party\FreeRTOS\Source\portable\GCC\ARM_CM4F\port.o
 .text.prvPortStartFirstTask
                0x08001280       0x28 Middlewares\Third_Party\FreeRTOS\Source\portable\GCC\ARM_CM4F\port.o
 .text.vPortEnableVFP
                0x080012a8       0x14 Middlewares\Third_Party\FreeRTOS\Source\portable\GCC\ARM_CM4F\port.o
 .text.pxPortInitialiseStack
                0x080012bc       0x2c Middlewares\Third_Party\FreeRTOS\Source\portable\GCC\ARM_CM4F\port.o
                0x080012bc                pxPortInitialiseStack
 *fill*         0x080012e8        0x8 
 .text.SVC_Handler
                0x080012f0       0x24 Middlewares\Third_Party\FreeRTOS\Source\portable\GCC\ARM_CM4F\port.o
                0x080012f0                SVC_Handler
 .text.vPortEnterCritical
                0x08001314       0x44 Middlewares\Third_Party\FreeRTOS\Source\portable\GCC\ARM_CM4F\port.o
                0x08001314                vPortEnterCritical
 .text.vPortExitCritical
                0x08001358       0x2c Middlewares\Third_Party\FreeRTOS\Source\portable\GCC\ARM_CM4F\port.o
                0x08001358                vPortExitCritical
 *fill*         0x08001384        0xc 
 .text.PendSV_Handler
                0x08001390       0x64 Middlewares\Third_Party\FreeRTOS\Source\portable\GCC\ARM_CM4F\port.o
                0x08001390                PendSV_Handler
 .text.SysTick_Handler
                0x080013f4       0x2c Middlewares\Third_Party\FreeRTOS\Source\portable\GCC\ARM_CM4F\port.o
                0x080013f4                SysTick_Handler
 .text.vPortSetupTimerInterrupt
                0x08001420       0x38 Middlewares\Third_Party\FreeRTOS\Source\portable\GCC\ARM_CM4F\port.o
                0x08001420                vPortSetupTimerInterrupt
 .text.xPortStartScheduler
                0x08001458      0x110 Middlewares\Third_Party\FreeRTOS\Source\portable\GCC\ARM_CM4F\port.o
                0x08001458                xPortStartScheduler
 .text.prvHeapInit
                0x08001568       0x64 Middlewares\Third_Party\FreeRTOS\Source\portable\MemMang\heap_4.o
 .text.prvInsertBlockIntoFreeList
                0x080015cc       0x58 Middlewares\Third_Party\FreeRTOS\Source\portable\MemMang\heap_4.o
 .text.pvPortMalloc
                0x08001624      0x108 Middlewares\Third_Party\FreeRTOS\Source\portable\MemMang\heap_4.o
                0x08001624                pvPortMalloc
 .text.vPortFree
                0x0800172c       0x70 Middlewares\Third_Party\FreeRTOS\Source\portable\MemMang\heap_4.o
                0x0800172c                vPortFree
 .text.prvResetNextTaskUnblockTime
                0x0800179c       0x34 Middlewares\Third_Party\FreeRTOS\Source\tasks.o
 .text.prvInitialiseNewTask
                0x080017d0       0x80 Middlewares\Third_Party\FreeRTOS\Source\tasks.o
 .text.prvInitialiseTaskLists
                0x08001850       0x68 Middlewares\Third_Party\FreeRTOS\Source\tasks.o
 .text.prvAddNewTaskToReadyList
                0x080018b8       0xa8 Middlewares\Third_Party\FreeRTOS\Source\tasks.o
 .text.prvDeleteTCB
                0x08001960       0x3a Middlewares\Third_Party\FreeRTOS\Source\tasks.o
 *fill*         0x0800199a        0x2 
 .text.prvCheckTasksWaitingTermination
                0x0800199c       0x4c Middlewares\Third_Party\FreeRTOS\Source\tasks.o
 .text.prvIdleTask
                0x080019e8       0x28 Middlewares\Third_Party\FreeRTOS\Source\tasks.o
 .text.prvAddCurrentTaskToDelayedList
                0x08001a10       0x98 Middlewares\Third_Party\FreeRTOS\Source\tasks.o
 .text.xTaskCreateStatic
                0x08001aa8       0x72 Middlewares\Third_Party\FreeRTOS\Source\tasks.o
                0x08001aa8                xTaskCreateStatic
 .text.xTaskCreate
                0x08001b1a       0x66 Middlewares\Third_Party\FreeRTOS\Source\tasks.o
                0x08001b1a                xTaskCreate
 .text.vTaskStartScheduler
                0x08001b80       0x78 Middlewares\Third_Party\FreeRTOS\Source\tasks.o
                0x08001b80                vTaskStartScheduler
 .text.vTaskSuspendAll
                0x08001bf8       0x10 Middlewares\Third_Party\FreeRTOS\Source\tasks.o
                0x08001bf8                vTaskSuspendAll
 .text.xTaskIncrementTick
                0x08001c08      0x120 Middlewares\Third_Party\FreeRTOS\Source\tasks.o
                0x08001c08                xTaskIncrementTick
 .text.xTaskResumeAll
                0x08001d28       0xfc Middlewares\Third_Party\FreeRTOS\Source\tasks.o
                0x08001d28                xTaskResumeAll
 .text.vTaskDelay
                0x08001e24       0x50 Middlewares\Third_Party\FreeRTOS\Source\tasks.o
                0x08001e24                vTaskDelay
 .text.vTaskSwitchContext
                0x08001e74       0x9c Middlewares\Third_Party\FreeRTOS\Source\tasks.o
                0x08001e74                vTaskSwitchContext
 .text.WriteToAD5422
                0x08001f10       0x80 PriSrc\AD5412Deiver.o
                0x08001f10                WriteToAD5422
 .text.Task1_LED
                0x08001f90       0x1c Src\freertos.o
                0x08001f90                Task1_LED
 .text.Task2_SPI
                0x08001fac       0x68 Src\freertos.o
                0x08001fac                Task2_SPI
 .text.vApplicationGetIdleTaskMemory
                0x08002014       0x18 Src\freertos.o
                0x08002014                vApplicationGetIdleTaskMemory
 .text.MX_FREERTOS_Init
                0x0800202c       0x50 Src\freertos.o
                0x0800202c                MX_FREERTOS_Init
 .text.MX_GPIO_Init
                0x0800207c      0x14c Src\gpio.o
                0x0800207c                MX_GPIO_Init
 .text.SystemClock_Config
                0x080021c8       0x94 Src\main.o
                0x080021c8                SystemClock_Config
 .text.main     0x0800225c       0x1c Src\main.o
                0x0800225c                main
 .text.HAL_TIM_PeriodElapsedCallback
                0x08002278       0x18 Src\main.o
                0x08002278                HAL_TIM_PeriodElapsedCallback
 .text.Error_Handler
                0x08002290        0x2 Src\main.o
                0x08002290                Error_Handler
 *fill*         0x08002292        0x2 
 .text.MX_SPI1_Init
                0x08002294       0x40 Src\spi.o
                0x08002294                MX_SPI1_Init
 .text.HAL_SPI_MspInit
                0x080022d4       0x70 Src\spi.o
                0x080022d4                HAL_SPI_MspInit
 .text.HAL_MspInit
                0x08002344       0x44 Src\stm32f4xx_hal_msp.o
                0x08002344                HAL_MspInit
 .text.HAL_InitTick
                0x08002388       0x7c Src\stm32f4xx_hal_timebase_tim.o
                0x08002388                HAL_InitTick
 .text.NMI_Handler
                0x08002404        0x2 Src\stm32f4xx_it.o
                0x08002404                NMI_Handler
 .text.HardFault_Handler
                0x08002406        0x2 Src\stm32f4xx_it.o
                0x08002406                HardFault_Handler
 .text.MemManage_Handler
                0x08002408        0x2 Src\stm32f4xx_it.o
                0x08002408                MemManage_Handler
 .text.BusFault_Handler
                0x0800240a        0x2 Src\stm32f4xx_it.o
                0x0800240a                BusFault_Handler
 .text.UsageFault_Handler
                0x0800240c        0x2 Src\stm32f4xx_it.o
                0x0800240c                UsageFault_Handler
 .text.DebugMon_Handler
                0x0800240e        0x2 Src\stm32f4xx_it.o
                0x0800240e                DebugMon_Handler
 .text.TIM1_UP_TIM10_IRQHandler
                0x08002410       0x10 Src\stm32f4xx_it.o
                0x08002410                TIM1_UP_TIM10_IRQHandler
 .text.SystemInit
                0x08002420       0x4c Src\system_stm32f4xx.o
                0x08002420                SystemInit
 .text.Reset_Handler
                0x0800246c       0x50 startup\startup_stm32f407xx.o
                0x0800246c                Reset_Handler
 .text.Default_Handler
                0x080024bc        0x2 startup\startup_stm32f407xx.o
                0x080024bc                RTC_Alarm_IRQHandler
                0x080024bc                HASH_RNG_IRQHandler
                0x080024bc                EXTI2_IRQHandler
                0x080024bc                TIM8_CC_IRQHandler
                0x080024bc                TIM1_CC_IRQHandler
                0x080024bc                DMA2_Stream5_IRQHandler
                0x080024bc                DMA1_Stream5_IRQHandler
                0x080024bc                PVD_IRQHandler
                0x080024bc                SDIO_IRQHandler
                0x080024bc                TAMP_STAMP_IRQHandler
                0x080024bc                CAN2_RX1_IRQHandler
                0x080024bc                EXTI3_IRQHandler
                0x080024bc                TIM8_TRG_COM_TIM14_IRQHandler
                0x080024bc                TIM8_UP_TIM13_IRQHandler
                0x080024bc                I2C3_ER_IRQHandler
                0x080024bc                EXTI0_IRQHandler
                0x080024bc                I2C2_EV_IRQHandler
                0x080024bc                DMA1_Stream2_IRQHandler
                0x080024bc                CAN1_RX0_IRQHandler
                0x080024bc                FPU_IRQHandler
                0x080024bc                OTG_HS_WKUP_IRQHandler
                0x080024bc                CAN2_SCE_IRQHandler
                0x080024bc                DMA2_Stream2_IRQHandler
                0x080024bc                SPI1_IRQHandler
                0x080024bc                TIM6_DAC_IRQHandler
                0x080024bc                TIM1_BRK_TIM9_IRQHandler
                0x080024bc                DCMI_IRQHandler
                0x080024bc                CAN2_RX0_IRQHandler
                0x080024bc                DMA2_Stream3_IRQHandler
                0x080024bc                USART6_IRQHandler
                0x080024bc                USART3_IRQHandler
                0x080024bc                CAN1_RX1_IRQHandler
                0x080024bc                UART5_IRQHandler
                0x080024bc                DMA2_Stream0_IRQHandler
                0x080024bc                TIM4_IRQHandler
                0x080024bc                I2C1_EV_IRQHandler
                0x080024bc                DMA1_Stream6_IRQHandler
                0x080024bc                DMA1_Stream1_IRQHandler
                0x080024bc                UART4_IRQHandler
                0x080024bc                TIM3_IRQHandler
                0x080024bc                RCC_IRQHandler
                0x080024bc                TIM8_BRK_TIM12_IRQHandler
                0x080024bc                Default_Handler
                0x080024bc                EXTI15_10_IRQHandler
                0x080024bc                ADC_IRQHandler
                0x080024bc                DMA1_Stream7_IRQHandler
                0x080024bc                TIM7_IRQHandler
                0x080024bc                CAN2_TX_IRQHandler
                0x080024bc                TIM5_IRQHandler
                0x080024bc                DMA2_Stream7_IRQHandler
                0x080024bc                I2C3_EV_IRQHandler
                0x080024bc                EXTI9_5_IRQHandler
                0x080024bc                RTC_WKUP_IRQHandler
                0x080024bc                ETH_WKUP_IRQHandler
                0x080024bc                SPI2_IRQHandler
                0x080024bc                OTG_HS_EP1_IN_IRQHandler
                0x080024bc                DMA1_Stream0_IRQHandler
                0x080024bc                CAN1_TX_IRQHandler
                0x080024bc                EXTI4_IRQHandler
                0x080024bc                FSMC_IRQHandler
                0x080024bc                ETH_IRQHandler
                0x080024bc                OTG_HS_EP1_OUT_IRQHandler
                0x080024bc                WWDG_IRQHandler
                0x080024bc                TIM2_IRQHandler
                0x080024bc                OTG_FS_WKUP_IRQHandler
                0x080024bc                TIM1_TRG_COM_TIM11_IRQHandler
                0x080024bc                OTG_HS_IRQHandler
                0x080024bc                EXTI1_IRQHandler
                0x080024bc                USART2_IRQHandler
                0x080024bc                I2C2_ER_IRQHandler
                0x080024bc                DMA2_Stream1_IRQHandler
                0x080024bc                CAN1_SCE_IRQHandler
                0x080024bc                FLASH_IRQHandler
                0x080024bc                DMA2_Stream4_IRQHandler
                0x080024bc                USART1_IRQHandler
                0x080024bc                OTG_FS_IRQHandler
                0x080024bc                SPI3_IRQHandler
                0x080024bc                DMA1_Stream4_IRQHandler
                0x080024bc                I2C1_ER_IRQHandler
                0x080024bc                DMA2_Stream6_IRQHandler
                0x080024bc                DMA1_Stream3_IRQHandler
 *fill*         0x080024be        0x2 
 .text.__libc_init_array
                0x080024c0       0x48 c:/program files (x86)/atollic/truestudio for stm32 9.3.0/armtools/bin/../lib/gcc/arm-atollic-eabi/6.3.1/../../../../arm-atollic-eabi/lib/armv7e-m/fpu\libc_nano.a(lib_a-init.o)
                0x080024c0                __libc_init_array
 .text.memset   0x08002508       0x10 c:/program files (x86)/atollic/truestudio for stm32 9.3.0/armtools/bin/../lib/gcc/arm-atollic-eabi/6.3.1/../../../../arm-atollic-eabi/lib/armv7e-m/fpu\libc_nano.a(lib_a-memset.o)
                0x08002508                memset
 *(.glue_7)
 .glue_7        0x08002518        0x0 linker stubs
 *(.glue_7t)
 .glue_7t       0x08002518        0x0 linker stubs
 *(.eh_frame)
 .eh_frame      0x08002518        0x0 c:/program files (x86)/atollic/truestudio for stm32 9.3.0/armtools/bin/../lib/gcc/arm-atollic-eabi/6.3.1/armv7e-m/fpu/crtbegin.o
 *(.init)
 .init          0x08002518        0x4 c:/program files (x86)/atollic/truestudio for stm32 9.3.0/armtools/bin/../lib/gcc/arm-atollic-eabi/6.3.1/armv7e-m/fpu/crti.o
                0x08002518                _init
 .init          0x0800251c        0x8 c:/program files (x86)/atollic/truestudio for stm32 9.3.0/armtools/bin/../lib/gcc/arm-atollic-eabi/6.3.1/armv7e-m/fpu/crtn.o
 *(.fini)
 .fini          0x08002524        0x4 c:/program files (x86)/atollic/truestudio for stm32 9.3.0/armtools/bin/../lib/gcc/arm-atollic-eabi/6.3.1/armv7e-m/fpu/crti.o
                0x08002524                _fini
 .fini          0x08002528        0x8 c:/program files (x86)/atollic/truestudio for stm32 9.3.0/armtools/bin/../lib/gcc/arm-atollic-eabi/6.3.1/armv7e-m/fpu/crtn.o
                0x08002530                . = ALIGN (0x4)
                0x08002530                _etext = .

.vfp11_veneer   0x08002530        0x0
 .vfp11_veneer  0x08002530        0x0 linker stubs

.v4_bx          0x08002530        0x0
 .v4_bx         0x08002530        0x0 linker stubs

.iplt           0x08002530        0x0
 .iplt          0x08002530        0x0 c:/program files (x86)/atollic/truestudio for stm32 9.3.0/armtools/bin/../lib/gcc/arm-atollic-eabi/6.3.1/armv7e-m/fpu/crtbegin.o

.rodata         0x08002530       0x68
                0x08002530                . = ALIGN (0x4)
 *(.rodata)
 .rodata        0x08002530       0x38 Src\freertos.o
 *(.rodata*)
 .rodata.vTaskStartScheduler.str1.4
                0x08002568        0x5 Middlewares\Third_Party\FreeRTOS\Source\tasks.o
 *fill*         0x0800256d        0x3 
 .rodata.str1.4
                0x08002570       0x10 Src\freertos.o
                                  0xe (size before relaxing)
 .rodata.AHBPrescTable
                0x08002580       0x10 Src\system_stm32f4xx.o
                0x08002580                AHBPrescTable
 .rodata.APBPrescTable
                0x08002590        0x8 Src\system_stm32f4xx.o
                0x08002590                APBPrescTable
                0x08002598                . = ALIGN (0x4)

.ARM.extab
 *(.ARM.extab* .gnu.linkonce.armextab.*)

.ARM            0x08002598        0x8
                0x08002598                __exidx_start = .
 *(.ARM.exidx*)
 .ARM.exidx     0x08002598        0x8 c:/program files (x86)/atollic/truestudio for stm32 9.3.0/armtools/bin/../lib/gcc/arm-atollic-eabi/6.3.1/armv7e-m/fpu\libgcc.a(_udivmoddi4.o)
                0x080025a0                __exidx_end = .

.rel.dyn        0x080025a0        0x0
 .rel.iplt      0x080025a0        0x0 c:/program files (x86)/atollic/truestudio for stm32 9.3.0/armtools/bin/../lib/gcc/arm-atollic-eabi/6.3.1/armv7e-m/fpu/crtbegin.o

.preinit_array  0x080025a0        0x0
                0x080025a0                PROVIDE (__preinit_array_start, .)
 *(.preinit_array*)
                0x080025a0                PROVIDE (__preinit_array_end, .)

.init_array     0x080025a0        0x4
                0x080025a0                PROVIDE (__init_array_start, .)
 *(SORT(.init_array.*))
 *(.init_array*)
 .init_array    0x080025a0        0x4 c:/program files (x86)/atollic/truestudio for stm32 9.3.0/armtools/bin/../lib/gcc/arm-atollic-eabi/6.3.1/armv7e-m/fpu/crtbegin.o
                0x080025a4                PROVIDE (__init_array_end, .)

.fini_array     0x080025a4        0x4
                [!provide]                PROVIDE (__fini_array_start, .)
 *(SORT(.fini_array.*))
 *(.fini_array*)
 .fini_array    0x080025a4        0x4 c:/program files (x86)/atollic/truestudio for stm32 9.3.0/armtools/bin/../lib/gcc/arm-atollic-eabi/6.3.1/armv7e-m/fpu/crtbegin.o
                [!provide]                PROVIDE (__fini_array_end, .)
                0x080025a8                _sidata = LOADADDR (.data)

.data           0x20000000        0xc load address 0x080025a8
                0x20000000                . = ALIGN (0x4)
                0x20000000                _sdata = .
 *(.data)
 *(.data*)
 .data.uwTickFreq
                0x20000000        0x1 Drivers\STM32F4xx_HAL_Driver\Src\stm32f4xx_hal.o
                0x20000000                uwTickFreq
 *fill*         0x20000001        0x3 
 .data.uxCriticalNesting
                0x20000004        0x4 Middlewares\Third_Party\FreeRTOS\Source\portable\GCC\ARM_CM4F\port.o
 .data.SystemCoreClock
                0x20000008        0x4 Src\system_stm32f4xx.o
                0x20000008                SystemCoreClock
                0x2000000c                . = ALIGN (0x4)
                0x2000000c                _edata = .
                0x080025b4                _siccmram = LOADADDR (.ccmram)

.igot.plt       0x2000000c        0x0 load address 0x080025b4
 .igot.plt      0x2000000c        0x0 c:/program files (x86)/atollic/truestudio for stm32 9.3.0/armtools/bin/../lib/gcc/arm-atollic-eabi/6.3.1/armv7e-m/fpu/crtbegin.o

.ccmram         0x10000000        0x0 load address 0x080025b4
                0x10000000                . = ALIGN (0x4)
                0x10000000                _sccmram = .
 *(.ccmram)
 *(.ccmram*)
                0x10000000                . = ALIGN (0x4)
                0x10000000                _eccmram = .
                0x10000000                . = ALIGN (0x4)

.bss            0x2000000c     0x406c
                0x2000000c                _sbss = .
                0x2000000c                __bss_start__ = _sbss
 *(.bss)
 .bss           0x2000000c       0x1c c:/program files (x86)/atollic/truestudio for stm32 9.3.0/armtools/bin/../lib/gcc/arm-atollic-eabi/6.3.1/armv7e-m/fpu/crtbegin.o
 *(.bss*)
 .bss.ucMaxSysCallPriority
                0x20000028        0x1 Middlewares\Third_Party\FreeRTOS\Source\portable\GCC\ARM_CM4F\port.o
 *fill*         0x20000029        0x3 
 .bss.ulMaxPRIGROUPValue
                0x2000002c        0x4 Middlewares\Third_Party\FreeRTOS\Source\portable\GCC\ARM_CM4F\port.o
 .bss.pxEnd     0x20000030        0x4 Middlewares\Third_Party\FreeRTOS\Source\portable\MemMang\heap_4.o
 .bss.ucHeap    0x20000034     0x3c00 Middlewares\Third_Party\FreeRTOS\Source\portable\MemMang\heap_4.o
 .bss.xBlockAllocatedBit
                0x20003c34        0x4 Middlewares\Third_Party\FreeRTOS\Source\portable\MemMang\heap_4.o
 .bss.xFreeBytesRemaining
                0x20003c38        0x4 Middlewares\Third_Party\FreeRTOS\Source\portable\MemMang\heap_4.o
 .bss.xMinimumEverFreeBytesRemaining
                0x20003c3c        0x4 Middlewares\Third_Party\FreeRTOS\Source\portable\MemMang\heap_4.o
 .bss.xStart    0x20003c40        0x8 Middlewares\Third_Party\FreeRTOS\Source\portable\MemMang\heap_4.o
 .bss.pxCurrentTCB
                0x20003c48        0x4 Middlewares\Third_Party\FreeRTOS\Source\tasks.o
                0x20003c48                pxCurrentTCB
 .bss.pxDelayedTaskList
                0x20003c4c        0x4 Middlewares\Third_Party\FreeRTOS\Source\tasks.o
 .bss.pxOverflowDelayedTaskList
                0x20003c50        0x4 Middlewares\Third_Party\FreeRTOS\Source\tasks.o
 .bss.pxReadyTasksLists
                0x20003c54       0x8c Middlewares\Third_Party\FreeRTOS\Source\tasks.o
 .bss.uxCurrentNumberOfTasks
                0x20003ce0        0x4 Middlewares\Third_Party\FreeRTOS\Source\tasks.o
 .bss.uxDeletedTasksWaitingCleanUp
                0x20003ce4        0x4 Middlewares\Third_Party\FreeRTOS\Source\tasks.o
 .bss.uxPendedTicks
                0x20003ce8        0x4 Middlewares\Third_Party\FreeRTOS\Source\tasks.o
 .bss.uxSchedulerSuspended
                0x20003cec        0x4 Middlewares\Third_Party\FreeRTOS\Source\tasks.o
 .bss.uxTaskNumber
                0x20003cf0        0x4 Middlewares\Third_Party\FreeRTOS\Source\tasks.o
 .bss.uxTopReadyPriority
                0x20003cf4        0x4 Middlewares\Third_Party\FreeRTOS\Source\tasks.o
 .bss.xDelayedTaskList1
                0x20003cf8       0x14 Middlewares\Third_Party\FreeRTOS\Source\tasks.o
 .bss.xDelayedTaskList2
                0x20003d0c       0x14 Middlewares\Third_Party\FreeRTOS\Source\tasks.o
 .bss.xNextTaskUnblockTime
                0x20003d20        0x4 Middlewares\Third_Party\FreeRTOS\Source\tasks.o
 .bss.xNumOfOverflows
                0x20003d24        0x4 Middlewares\Third_Party\FreeRTOS\Source\tasks.o
 .bss.xPendingReadyList
                0x20003d28       0x14 Middlewares\Third_Party\FreeRTOS\Source\tasks.o
 .bss.xSchedulerRunning
                0x20003d3c        0x4 Middlewares\Third_Party\FreeRTOS\Source\tasks.o
 .bss.xSuspendedTaskList
                0x20003d40       0x14 Middlewares\Third_Party\FreeRTOS\Source\tasks.o
 .bss.xTasksWaitingTermination
                0x20003d54       0x14 Middlewares\Third_Party\FreeRTOS\Source\tasks.o
 .bss.xTickCount
                0x20003d68        0x4 Middlewares\Third_Party\FreeRTOS\Source\tasks.o
 .bss.xYieldPending
                0x20003d6c        0x4 Middlewares\Third_Party\FreeRTOS\Source\tasks.o
 .bss.buf       0x20003d70       0x10 Src\freertos.o
                0x20003d70                buf
 .bss.xIdleStack
                0x20003d80      0x200 Src\freertos.o
 .bss.xIdleTaskTCBBuffer
                0x20003f80       0x54 Src\freertos.o
 *(COMMON)
 COMMON         0x20003fd4        0x4 Drivers\STM32F4xx_HAL_Driver\Src\stm32f4xx_hal.o
                0x20003fd4                uwTick
 COMMON         0x20003fd8        0x8 Src\freertos.o
                0x20003fd8                Task1Handle
                0x20003fdc                Task2Handle
 COMMON         0x20003fe0       0x58 Src\spi.o
                0x20003fe0                hspi1
 COMMON         0x20004038       0x40 Src\stm32f4xx_hal_timebase_tim.o
                0x20004038                htim1
                0x20004078                . = ALIGN (0x4)
                0x20004078                _ebss = .
                0x20004078                __bss_end__ = _ebss

._user_heap_stack
                0x20004078      0x600
                0x20004078                . = ALIGN (0x4)
                0x20004078                PROVIDE (end, .)
                [!provide]                PROVIDE (_end, .)
                0x20004278                . = (. + _Min_Heap_Size)
 *fill*         0x20004078      0x200 
                0x20004678                . = (. + _Min_Stack_Size)
 *fill*         0x20004278      0x400 
                0x20004678                . = ALIGN (0x4)

/DISCARD/
 libc.a(*)
 libm.a(*)
 libgcc.a(*)

.ARM.attributes
                0x00000000       0x30
 *(.ARM.attributes)
 .ARM.attributes
                0x00000000       0x22 c:/program files (x86)/atollic/truestudio for stm32 9.3.0/armtools/bin/../lib/gcc/arm-atollic-eabi/6.3.1/armv7e-m/fpu/crti.o
 .ARM.attributes
                0x00000022       0x34 c:/program files (x86)/atollic/truestudio for stm32 9.3.0/armtools/bin/../lib/gcc/arm-atollic-eabi/6.3.1/armv7e-m/fpu/crtbegin.o
 .ARM.attributes
                0x00000056       0x39 Drivers\STM32F4xx_HAL_Driver\Src\stm32f4xx_hal.o
 .ARM.attributes
                0x0000008f       0x39 Drivers\STM32F4xx_HAL_Driver\Src\stm32f4xx_hal_cortex.o
 .ARM.attributes
                0x000000c8       0x39 Drivers\STM32F4xx_HAL_Driver\Src\stm32f4xx_hal_gpio.o
 .ARM.attributes
                0x00000101       0x39 Drivers\STM32F4xx_HAL_Driver\Src\stm32f4xx_hal_rcc.o
 .ARM.attributes
                0x0000013a       0x39 Drivers\STM32F4xx_HAL_Driver\Src\stm32f4xx_hal_spi.o
 .ARM.attributes
                0x00000173       0x39 Drivers\STM32F4xx_HAL_Driver\Src\stm32f4xx_hal_tim.o
 .ARM.attributes
                0x000001ac       0x39 Drivers\STM32F4xx_HAL_Driver\Src\stm32f4xx_hal_tim_ex.o
 .ARM.attributes
                0x000001e5       0x39 Middlewares\Third_Party\FreeRTOS\Source\CMSIS_RTOS\cmsis_os.o
 .ARM.attributes
                0x0000021e       0x39 Middlewares\Third_Party\FreeRTOS\Source\list.o
 .ARM.attributes
                0x00000257       0x39 Middlewares\Third_Party\FreeRTOS\Source\portable\GCC\ARM_CM4F\port.o
 .ARM.attributes
                0x00000290       0x39 Middlewares\Third_Party\FreeRTOS\Source\portable\MemMang\heap_4.o
 .ARM.attributes
                0x000002c9       0x39 Middlewares\Third_Party\FreeRTOS\Source\tasks.o
 .ARM.attributes
                0x00000302       0x39 PriSrc\AD5412Deiver.o
 .ARM.attributes
                0x0000033b       0x39 Src\freertos.o
 .ARM.attributes
                0x00000374       0x39 Src\gpio.o
 .ARM.attributes
                0x000003ad       0x39 Src\main.o
 .ARM.attributes
                0x000003e6       0x39 Src\spi.o
 .ARM.attributes
                0x0000041f       0x39 Src\stm32f4xx_hal_msp.o
 .ARM.attributes
                0x00000458       0x39 Src\stm32f4xx_hal_timebase_tim.o
 .ARM.attributes
                0x00000491       0x39 Src\stm32f4xx_it.o
 .ARM.attributes
                0x000004ca       0x39 Src\system_stm32f4xx.o
 .ARM.attributes
                0x00000503       0x21 startup\startup_stm32f407xx.o
 .ARM.attributes
                0x00000524       0x34 c:/program files (x86)/atollic/truestudio for stm32 9.3.0/armtools/bin/../lib/gcc/arm-atollic-eabi/6.3.1/../../../../arm-atollic-eabi/lib/armv7e-m/fpu\libc_nano.a(lib_a-init.o)
 .ARM.attributes
                0x00000558       0x34 c:/program files (x86)/atollic/truestudio for stm32 9.3.0/armtools/bin/../lib/gcc/arm-atollic-eabi/6.3.1/../../../../arm-atollic-eabi/lib/armv7e-m/fpu\libc_nano.a(lib_a-memset.o)
 .ARM.attributes
                0x0000058c       0x22 c:/program files (x86)/atollic/truestudio for stm32 9.3.0/armtools/bin/../lib/gcc/arm-atollic-eabi/6.3.1/armv7e-m/fpu\libgcc.a(_aeabi_uldivmod.o)
 .ARM.attributes
                0x000005ae       0x34 c:/program files (x86)/atollic/truestudio for stm32 9.3.0/armtools/bin/../lib/gcc/arm-atollic-eabi/6.3.1/armv7e-m/fpu\libgcc.a(_udivmoddi4.o)
 .ARM.attributes
                0x000005e2       0x22 c:/program files (x86)/atollic/truestudio for stm32 9.3.0/armtools/bin/../lib/gcc/arm-atollic-eabi/6.3.1/armv7e-m/fpu\libgcc.a(_dvmd_tls.o)
 .ARM.attributes
                0x00000604       0x22 c:/program files (x86)/atollic/truestudio for stm32 9.3.0/armtools/bin/../lib/gcc/arm-atollic-eabi/6.3.1/armv7e-m/fpu/crtn.o
OUTPUT(STM32F407ZGPro.elf elf32-littlearm)

.debug_info     0x00000000    0x14294
 .debug_info    0x00000000      0x9cb Drivers\STM32F4xx_HAL_Driver\Src\stm32f4xx_hal.o
 .debug_info    0x000009cb      0xf3b Drivers\STM32F4xx_HAL_Driver\Src\stm32f4xx_hal_cortex.o
 .debug_info    0x00001906      0x770 Drivers\STM32F4xx_HAL_Driver\Src\stm32f4xx_hal_gpio.o
 .debug_info    0x00002076      0xa39 Drivers\STM32F4xx_HAL_Driver\Src\stm32f4xx_hal_rcc.o
 .debug_info    0x00002aaf     0x1ba6 Drivers\STM32F4xx_HAL_Driver\Src\stm32f4xx_hal_spi.o
 .debug_info    0x00004655     0x3184 Drivers\STM32F4xx_HAL_Driver\Src\stm32f4xx_hal_tim.o
 .debug_info    0x000077d9     0x1496 Drivers\STM32F4xx_HAL_Driver\Src\stm32f4xx_hal_tim_ex.o
 .debug_info    0x00008c6f     0x271f Middlewares\Third_Party\FreeRTOS\Source\CMSIS_RTOS\cmsis_os.o
 .debug_info    0x0000b38e      0xac5 Middlewares\Third_Party\FreeRTOS\Source\list.o
 .debug_info    0x0000be53      0x572 Middlewares\Third_Party\FreeRTOS\Source\portable\GCC\ARM_CM4F\port.o
 .debug_info    0x0000c3c5      0xc64 Middlewares\Third_Party\FreeRTOS\Source\portable\MemMang\heap_4.o
 .debug_info    0x0000d029     0x2cf5 Middlewares\Third_Party\FreeRTOS\Source\tasks.o
 .debug_info    0x0000fd1e      0x4ae PriSrc\AD5412Deiver.o
 .debug_info    0x000101cc      0x6aa Src\freertos.o
 .debug_info    0x00010876      0x5e5 Src\gpio.o
 .debug_info    0x00010e5b      0xd2f Src\main.o
 .debug_info    0x00011b8a      0x9ee Src\spi.o
 .debug_info    0x00012578      0x564 Src\stm32f4xx_hal_msp.o
 .debug_info    0x00012adc      0xbaa Src\stm32f4xx_hal_timebase_tim.o
 .debug_info    0x00013686      0x686 Src\stm32f4xx_it.o
 .debug_info    0x00013d0c      0x50a Src\system_stm32f4xx.o
 .debug_info    0x00014216       0x7e startup\startup_stm32f407xx.o

.debug_abbrev   0x00000000     0x2c1d
 .debug_abbrev  0x00000000      0x1ec Drivers\STM32F4xx_HAL_Driver\Src\stm32f4xx_hal.o
 .debug_abbrev  0x000001ec      0x323 Drivers\STM32F4xx_HAL_Driver\Src\stm32f4xx_hal_cortex.o
 .debug_abbrev  0x0000050f      0x1e2 Drivers\STM32F4xx_HAL_Driver\Src\stm32f4xx_hal_gpio.o
 .debug_abbrev  0x000006f1      0x26e Drivers\STM32F4xx_HAL_Driver\Src\stm32f4xx_hal_rcc.o
 .debug_abbrev  0x0000095f      0x244 Drivers\STM32F4xx_HAL_Driver\Src\stm32f4xx_hal_spi.o
 .debug_abbrev  0x00000ba3      0x21f Drivers\STM32F4xx_HAL_Driver\Src\stm32f4xx_hal_tim.o
 .debug_abbrev  0x00000dc2      0x230 Drivers\STM32F4xx_HAL_Driver\Src\stm32f4xx_hal_tim_ex.o
 .debug_abbrev  0x00000ff2      0x3af Middlewares\Third_Party\FreeRTOS\Source\CMSIS_RTOS\cmsis_os.o
 .debug_abbrev  0x000013a1      0x1ea Middlewares\Third_Party\FreeRTOS\Source\list.o
 .debug_abbrev  0x0000158b      0x23a Middlewares\Third_Party\FreeRTOS\Source\portable\GCC\ARM_CM4F\port.o
 .debug_abbrev  0x000017c5      0x2df Middlewares\Third_Party\FreeRTOS\Source\portable\MemMang\heap_4.o
 .debug_abbrev  0x00001aa4      0x376 Middlewares\Third_Party\FreeRTOS\Source\tasks.o
 .debug_abbrev  0x00001e1a      0x166 PriSrc\AD5412Deiver.o
 .debug_abbrev  0x00001f80      0x1cd Src\freertos.o
 .debug_abbrev  0x0000214d      0x15d Src\gpio.o
 .debug_abbrev  0x000022aa      0x207 Src\main.o
 .debug_abbrev  0x000024b1      0x1c4 Src\spi.o
 .debug_abbrev  0x00002675      0x12e Src\stm32f4xx_hal_msp.o
 .debug_abbrev  0x000027a3      0x1e9 Src\stm32f4xx_hal_timebase_tim.o
 .debug_abbrev  0x0000298c      0x171 Src\stm32f4xx_it.o
 .debug_abbrev  0x00002afd      0x10e Src\system_stm32f4xx.o
 .debug_abbrev  0x00002c0b       0x12 startup\startup_stm32f407xx.o

.debug_loc      0x00000000     0xa3f6
 .debug_loc     0x00000000      0x108 Drivers\STM32F4xx_HAL_Driver\Src\stm32f4xx_hal.o
 .debug_loc     0x00000108      0x616 Drivers\STM32F4xx_HAL_Driver\Src\stm32f4xx_hal_cortex.o
 .debug_loc     0x0000071e      0x3d5 Drivers\STM32F4xx_HAL_Driver\Src\stm32f4xx_hal_gpio.o
 .debug_loc     0x00000af3      0x3e6 Drivers\STM32F4xx_HAL_Driver\Src\stm32f4xx_hal_rcc.o
 .debug_loc     0x00000ed9     0x1a5e Drivers\STM32F4xx_HAL_Driver\Src\stm32f4xx_hal_spi.o
 .debug_loc     0x00002937     0x382f Drivers\STM32F4xx_HAL_Driver\Src\stm32f4xx_hal_tim.o
 .debug_loc     0x00006166     0x11fc Drivers\STM32F4xx_HAL_Driver\Src\stm32f4xx_hal_tim_ex.o
 .debug_loc     0x00007362     0x1088 Middlewares\Third_Party\FreeRTOS\Source\CMSIS_RTOS\cmsis_os.o
 .debug_loc     0x000083ea       0x70 Middlewares\Third_Party\FreeRTOS\Source\list.o
 .debug_loc     0x0000845a       0xdc Middlewares\Third_Party\FreeRTOS\Source\portable\GCC\ARM_CM4F\port.o
 .debug_loc     0x00008536      0x2a0 Middlewares\Third_Party\FreeRTOS\Source\portable\MemMang\heap_4.o
 .debug_loc     0x000087d6     0x1793 Middlewares\Third_Party\FreeRTOS\Source\tasks.o
 .debug_loc     0x00009f69      0x1f5 PriSrc\AD5412Deiver.o
 .debug_loc     0x0000a15e       0x42 Src\freertos.o
 .debug_loc     0x0000a1a0       0x3a Src\main.o
 .debug_loc     0x0000a1da       0x74 Src\spi.o
 .debug_loc     0x0000a24e       0x6a Src\stm32f4xx_hal_timebase_tim.o
 .debug_loc     0x0000a2b8      0x13e Src\system_stm32f4xx.o

.debug_aranges  0x00000000      0xfb0
 .debug_aranges
                0x00000000       0xf0 Drivers\STM32F4xx_HAL_Driver\Src\stm32f4xx_hal.o
 .debug_aranges
                0x000000f0       0xa8 Drivers\STM32F4xx_HAL_Driver\Src\stm32f4xx_hal_cortex.o
 .debug_aranges
                0x00000198       0x58 Drivers\STM32F4xx_HAL_Driver\Src\stm32f4xx_hal_gpio.o
 .debug_aranges
                0x000001f0       0x88 Drivers\STM32F4xx_HAL_Driver\Src\stm32f4xx_hal_rcc.o
 .debug_aranges
                0x00000278      0x1d0 Drivers\STM32F4xx_HAL_Driver\Src\stm32f4xx_hal_spi.o
 .debug_aranges
                0x00000448      0x3a8 Drivers\STM32F4xx_HAL_Driver\Src\stm32f4xx_hal_tim.o
 .debug_aranges
                0x000007f0      0x150 Drivers\STM32F4xx_HAL_Driver\Src\stm32f4xx_hal_tim_ex.o
 .debug_aranges
                0x00000940      0x1d8 Middlewares\Third_Party\FreeRTOS\Source\CMSIS_RTOS\cmsis_os.o
 .debug_aranges
                0x00000b18       0x40 Middlewares\Third_Party\FreeRTOS\Source\list.o
 .debug_aranges
                0x00000b58       0x80 Middlewares\Third_Party\FreeRTOS\Source\portable\GCC\ARM_CM4F\port.o
 .debug_aranges
                0x00000bd8       0x50 Middlewares\Third_Party\FreeRTOS\Source\portable\MemMang\heap_4.o
 .debug_aranges
                0x00000c28      0x1a8 Middlewares\Third_Party\FreeRTOS\Source\tasks.o
 .debug_aranges
                0x00000dd0       0x30 PriSrc\AD5412Deiver.o
 .debug_aranges
                0x00000e00       0x38 Src\freertos.o
 .debug_aranges
                0x00000e38       0x20 Src\gpio.o
 .debug_aranges
                0x00000e58       0x38 Src\main.o
 .debug_aranges
                0x00000e90       0x30 Src\spi.o
 .debug_aranges
                0x00000ec0       0x20 Src\stm32f4xx_hal_msp.o
 .debug_aranges
                0x00000ee0       0x30 Src\stm32f4xx_hal_timebase_tim.o
 .debug_aranges
                0x00000f10       0x50 Src\stm32f4xx_it.o
 .debug_aranges
                0x00000f60       0x28 Src\system_stm32f4xx.o
 .debug_aranges
                0x00000f88       0x28 startup\startup_stm32f407xx.o

.debug_ranges   0x00000000      0xf80
 .debug_ranges  0x00000000       0xe0 Drivers\STM32F4xx_HAL_Driver\Src\stm32f4xx_hal.o
 .debug_ranges  0x000000e0       0xf8 Drivers\STM32F4xx_HAL_Driver\Src\stm32f4xx_hal_cortex.o
 .debug_ranges  0x000001d8       0x48 Drivers\STM32F4xx_HAL_Driver\Src\stm32f4xx_hal_gpio.o
 .debug_ranges  0x00000220       0x90 Drivers\STM32F4xx_HAL_Driver\Src\stm32f4xx_hal_rcc.o
 .debug_ranges  0x000002b0      0x1c0 Drivers\STM32F4xx_HAL_Driver\Src\stm32f4xx_hal_spi.o
 .debug_ranges  0x00000470      0x398 Drivers\STM32F4xx_HAL_Driver\Src\stm32f4xx_hal_tim.o
 .debug_ranges  0x00000808      0x140 Drivers\STM32F4xx_HAL_Driver\Src\stm32f4xx_hal_tim_ex.o
 .debug_ranges  0x00000948      0x1c8 Middlewares\Third_Party\FreeRTOS\Source\CMSIS_RTOS\cmsis_os.o
 .debug_ranges  0x00000b10       0x30 Middlewares\Third_Party\FreeRTOS\Source\list.o
 .debug_ranges  0x00000b40       0x70 Middlewares\Third_Party\FreeRTOS\Source\portable\GCC\ARM_CM4F\port.o
 .debug_ranges  0x00000bb0       0x40 Middlewares\Third_Party\FreeRTOS\Source\portable\MemMang\heap_4.o
 .debug_ranges  0x00000bf0      0x248 Middlewares\Third_Party\FreeRTOS\Source\tasks.o
 .debug_ranges  0x00000e38       0x20 PriSrc\AD5412Deiver.o
 .debug_ranges  0x00000e58       0x28 Src\freertos.o
 .debug_ranges  0x00000e80       0x10 Src\gpio.o
 .debug_ranges  0x00000e90       0x28 Src\main.o
 .debug_ranges  0x00000eb8       0x20 Src\spi.o
 .debug_ranges  0x00000ed8       0x10 Src\stm32f4xx_hal_msp.o
 .debug_ranges  0x00000ee8       0x20 Src\stm32f4xx_hal_timebase_tim.o
 .debug_ranges  0x00000f08       0x40 Src\stm32f4xx_it.o
 .debug_ranges  0x00000f48       0x18 Src\system_stm32f4xx.o
 .debug_ranges  0x00000f60       0x20 startup\startup_stm32f407xx.o

.debug_line     0x00000000     0x7120
 .debug_line    0x00000000      0x424 Drivers\STM32F4xx_HAL_Driver\Src\stm32f4xx_hal.o
 .debug_line    0x00000424      0x43f Drivers\STM32F4xx_HAL_Driver\Src\stm32f4xx_hal_cortex.o
 .debug_line    0x00000863      0x3a5 Drivers\STM32F4xx_HAL_Driver\Src\stm32f4xx_hal_gpio.o
 .debug_line    0x00000c08      0x4bf Drivers\STM32F4xx_HAL_Driver\Src\stm32f4xx_hal_rcc.o
 .debug_line    0x000010c7      0xc65 Drivers\STM32F4xx_HAL_Driver\Src\stm32f4xx_hal_spi.o
 .debug_line    0x00001d2c     0x14a9 Drivers\STM32F4xx_HAL_Driver\Src\stm32f4xx_hal_tim.o
 .debug_line    0x000031d5      0x86a Drivers\STM32F4xx_HAL_Driver\Src\stm32f4xx_hal_tim_ex.o
 .debug_line    0x00003a3f      0x94a Middlewares\Third_Party\FreeRTOS\Source\CMSIS_RTOS\cmsis_os.o
 .debug_line    0x00004389      0x363 Middlewares\Third_Party\FreeRTOS\Source\list.o
 .debug_line    0x000046ec      0x35c Middlewares\Third_Party\FreeRTOS\Source\portable\GCC\ARM_CM4F\port.o
 .debug_line    0x00004a48      0x40b Middlewares\Third_Party\FreeRTOS\Source\portable\MemMang\heap_4.o
 .debug_line    0x00004e53      0xc50 Middlewares\Third_Party\FreeRTOS\Source\tasks.o
 .debug_line    0x00005aa3      0x283 PriSrc\AD5412Deiver.o
 .debug_line    0x00005d26      0x338 Src\freertos.o
 .debug_line    0x0000605e      0x202 Src\gpio.o
 .debug_line    0x00006260      0x310 Src\main.o
 .debug_line    0x00006570      0x278 Src\spi.o
 .debug_line    0x000067e8      0x1ed Src\stm32f4xx_hal_msp.o
 .debug_line    0x000069d5      0x27e Src\stm32f4xx_hal_timebase_tim.o
 .debug_line    0x00006c53      0x271 Src\stm32f4xx_it.o
 .debug_line    0x00006ec4      0x1dd Src\system_stm32f4xx.o
 .debug_line    0x000070a1       0x7f startup\startup_stm32f407xx.o

.debug_str      0x00000000     0x55c9
 .debug_str     0x00000000      0xb52 Drivers\STM32F4xx_HAL_Driver\Src\stm32f4xx_hal.o
                                0xbbb (size before relaxing)
 .debug_str     0x00000b52      0x498 Drivers\STM32F4xx_HAL_Driver\Src\stm32f4xx_hal_cortex.o
                                0xc86 (size before relaxing)
 .debug_str     0x00000fea      0x1de Drivers\STM32F4xx_HAL_Driver\Src\stm32f4xx_hal_gpio.o
                                0x54c (size before relaxing)
 .debug_str     0x000011c8      0x2e9 Drivers\STM32F4xx_HAL_Driver\Src\stm32f4xx_hal_rcc.o
                                0x71f (size before relaxing)
 .debug_str     0x000014b1      0x946 Drivers\STM32F4xx_HAL_Driver\Src\stm32f4xx_hal_spi.o
                                0xc35 (size before relaxing)
 .debug_str     0x00001df7      0xff0 Drivers\STM32F4xx_HAL_Driver\Src\stm32f4xx_hal_tim.o
                               0x1529 (size before relaxing)
 .debug_str     0x00002de7      0x548 Drivers\STM32F4xx_HAL_Driver\Src\stm32f4xx_hal_tim_ex.o
                                0xd41 (size before relaxing)
 .debug_str     0x0000332f     0x1152 Middlewares\Third_Party\FreeRTOS\Source\CMSIS_RTOS\cmsis_os.o
                               0x1450 (size before relaxing)
 .debug_str     0x00004481      0x143 Middlewares\Third_Party\FreeRTOS\Source\list.o
                                0x759 (size before relaxing)
 .debug_str     0x000045c4      0x239 Middlewares\Third_Party\FreeRTOS\Source\portable\GCC\ARM_CM4F\port.o
                                0x49f (size before relaxing)
 .debug_str     0x000047fd      0x1e8 Middlewares\Third_Party\FreeRTOS\Source\portable\MemMang\heap_4.o
                                0x842 (size before relaxing)
 .debug_str     0x000049e5      0x8f9 Middlewares\Third_Party\FreeRTOS\Source\tasks.o
                               0x142d (size before relaxing)
 .debug_str     0x000052de       0x64 PriSrc\AD5412Deiver.o
                                0x2e9 (size before relaxing)
 .debug_str     0x00005342       0xc3 Src\freertos.o
                                0x577 (size before relaxing)
 .debug_str     0x00005405       0x1b Src\gpio.o
                                0x3e5 (size before relaxing)
 .debug_str     0x00005420       0x4e Src\main.o
                                0xb39 (size before relaxing)
 .debug_str     0x0000546e       0x17 Src\spi.o
                                0x85c (size before relaxing)
 .debug_str     0x00005485       0x1b Src\stm32f4xx_hal_msp.o
                                0x837 (size before relaxing)
 .debug_str     0x000054a0       0x50 Src\stm32f4xx_hal_timebase_tim.o
                                0xdb7 (size before relaxing)
 .debug_str     0x000054f0       0x94 Src\stm32f4xx_it.o
                                0x6db (size before relaxing)
 .debug_str     0x00005584       0x45 Src\system_stm32f4xx.o
                                0x3b0 (size before relaxing)

.comment        0x00000000       0x7c
 .comment       0x00000000       0x7c Drivers\STM32F4xx_HAL_Driver\Src\stm32f4xx_hal.o
                                 0x7d (size before relaxing)
 .comment       0x0000007c       0x7d Drivers\STM32F4xx_HAL_Driver\Src\stm32f4xx_hal_cortex.o
 .comment       0x0000007c       0x7d Drivers\STM32F4xx_HAL_Driver\Src\stm32f4xx_hal_gpio.o
 .comment       0x0000007c       0x7d Drivers\STM32F4xx_HAL_Driver\Src\stm32f4xx_hal_rcc.o
 .comment       0x0000007c       0x7d Drivers\STM32F4xx_HAL_Driver\Src\stm32f4xx_hal_spi.o
 .comment       0x0000007c       0x7d Drivers\STM32F4xx_HAL_Driver\Src\stm32f4xx_hal_tim.o
 .comment       0x0000007c       0x7d Drivers\STM32F4xx_HAL_Driver\Src\stm32f4xx_hal_tim_ex.o
 .comment       0x0000007c       0x7d Middlewares\Third_Party\FreeRTOS\Source\CMSIS_RTOS\cmsis_os.o
 .comment       0x0000007c       0x7d Middlewares\Third_Party\FreeRTOS\Source\list.o
 .comment       0x0000007c       0x7d Middlewares\Third_Party\FreeRTOS\Source\portable\GCC\ARM_CM4F\port.o
 .comment       0x0000007c       0x7d Middlewares\Third_Party\FreeRTOS\Source\portable\MemMang\heap_4.o
 .comment       0x0000007c       0x7d Middlewares\Third_Party\FreeRTOS\Source\tasks.o
 .comment       0x0000007c       0x7d PriSrc\AD5412Deiver.o
 .comment       0x0000007c       0x7d Src\freertos.o
 .comment       0x0000007c       0x7d Src\gpio.o
 .comment       0x0000007c       0x7d Src\main.o
 .comment       0x0000007c       0x7d Src\spi.o
 .comment       0x0000007c       0x7d Src\stm32f4xx_hal_msp.o
 .comment       0x0000007c       0x7d Src\stm32f4xx_hal_timebase_tim.o
 .comment       0x0000007c       0x7d Src\stm32f4xx_it.o
 .comment       0x0000007c       0x7d Src\system_stm32f4xx.o

.debug_frame    0x00000000     0x2a00
 .debug_frame   0x00000000      0x1ec Drivers\STM32F4xx_HAL_Driver\Src\stm32f4xx_hal.o
 .debug_frame   0x000001ec      0x15c Drivers\STM32F4xx_HAL_Driver\Src\stm32f4xx_hal_cortex.o
 .debug_frame   0x00000348       0xd0 Drivers\STM32F4xx_HAL_Driver\Src\stm32f4xx_hal_gpio.o
 .debug_frame   0x00000418      0x174 Drivers\STM32F4xx_HAL_Driver\Src\stm32f4xx_hal_rcc.o
 .debug_frame   0x0000058c      0x590 Drivers\STM32F4xx_HAL_Driver\Src\stm32f4xx_hal_spi.o
 .debug_frame   0x00000b1c      0xa88 Drivers\STM32F4xx_HAL_Driver\Src\stm32f4xx_hal_tim.o
 .debug_frame   0x000015a4      0x3b8 Drivers\STM32F4xx_HAL_Driver\Src\stm32f4xx_hal_tim_ex.o
 .debug_frame   0x0000195c      0x598 Middlewares\Third_Party\FreeRTOS\Source\CMSIS_RTOS\cmsis_os.o
 .debug_frame   0x00001ef4       0x6c Middlewares\Third_Party\FreeRTOS\Source\list.o
 .debug_frame   0x00001f60      0x100 Middlewares\Third_Party\FreeRTOS\Source\portable\GCC\ARM_CM4F\port.o
 .debug_frame   0x00002060       0xac Middlewares\Third_Party\FreeRTOS\Source\portable\MemMang\heap_4.o
 .debug_frame   0x0000210c      0x534 Middlewares\Third_Party\FreeRTOS\Source\tasks.o
 .debug_frame   0x00002640       0x64 PriSrc\AD5412Deiver.o
 .debug_frame   0x000026a4       0x74 Src\freertos.o
 .debug_frame   0x00002718       0x38 Src\gpio.o
 .debug_frame   0x00002750       0x70 Src\main.o
 .debug_frame   0x000027c0       0x60 Src\spi.o
 .debug_frame   0x00002820       0x2c Src\stm32f4xx_hal_msp.o
 .debug_frame   0x0000284c       0x50 Src\stm32f4xx_hal_timebase_tim.o
 .debug_frame   0x0000289c       0x88 Src\stm32f4xx_it.o
 .debug_frame   0x00002924       0x30 Src\system_stm32f4xx.o
 .debug_frame   0x00002954       0x2c c:/program files (x86)/atollic/truestudio for stm32 9.3.0/armtools/bin/../lib/gcc/arm-atollic-eabi/6.3.1/../../../../arm-atollic-eabi/lib/armv7e-m/fpu\libc_nano.a(lib_a-init.o)
 .debug_frame   0x00002980       0x20 c:/program files (x86)/atollic/truestudio for stm32 9.3.0/armtools/bin/../lib/gcc/arm-atollic-eabi/6.3.1/../../../../arm-atollic-eabi/lib/armv7e-m/fpu\libc_nano.a(lib_a-memset.o)
 .debug_frame   0x000029a0       0x2c c:/program files (x86)/atollic/truestudio for stm32 9.3.0/armtools/bin/../lib/gcc/arm-atollic-eabi/6.3.1/armv7e-m/fpu\libgcc.a(_aeabi_uldivmod.o)
 .debug_frame   0x000029cc       0x34 c:/program files (x86)/atollic/truestudio for stm32 9.3.0/armtools/bin/../lib/gcc/arm-atollic-eabi/6.3.1/armv7e-m/fpu\libgcc.a(_udivmoddi4.o)
